Component: ARM Compiler 5.06 update 6 (build 750) Tool: armlink [4d35ed]

==============================================================================

Section Cross References

    delay_tim.o(i.TIM2_Config) refers to stm32f10x_rcc.o(i.RCC_APB1PeriphClockCmd) for RCC_APB1PeriphClockCmd
    delay_tim.o(i.TIM2_Config) refers to stm32f10x_tim.o(i.TIM_TimeBaseInit) for TIM_TimeBaseInit
    delay_tim.o(i.TIM2_Config) refers to stm32f10x_tim.o(i.TIM_Cmd) for TIM_Cmd
    delay_tim.o(i.TIM2_Config) refers to system_stm32f10x.o(.data) for SystemCoreClock
    delay_tim.o(i.delay_ms) refers to stm32f10x_tim.o(i.TIM_SetCounter) for TIM_SetCounter
    delay_tim.o(i.delay_ms) refers to stm32f10x_tim.o(i.TIM_GetCounter) for TIM_GetCounter
    delay_tim.o(i.delay_us) refers to stm32f10x_tim.o(i.TIM_SetCounter) for TIM_SetCounter
    delay_tim.o(i.delay_us) refers to stm32f10x_tim.o(i.TIM_GetCounter) for TIM_GetCounter
    dht11.o(i.DHT11_Read) refers to stm32f10x_tim.o(i.TIM_SetCounter) for TIM_SetCounter
    dht11.o(i.DHT11_Read) refers to stm32f10x_gpio.o(i.GPIO_ReadInputDataBit) for GPIO_ReadInputDataBit
    dht11.o(i.DHT11_Read) refers to stm32f10x_tim.o(i.TIM_GetCounter) for TIM_GetCounter
    dht11.o(i.DHT11_Read) refers to dht11.o(.data) for time
    dht11.o(i.DHT11_ReadTemp) refers to dht11.o(i.DHT11_Start) for DHT11_Start
    dht11.o(i.DHT11_ReadTemp) refers to dht11.o(i.DHT11_Read) for DHT11_Read
    dht11.o(i.DHT11_ReadTemp) refers to dht11.o(i.DHT11_SetPinOut) for DHT11_SetPinOut
    dht11.o(i.DHT11_ReadTemp) refers to stm32f10x_gpio.o(i.GPIO_WriteBit) for GPIO_WriteBit
    dht11.o(i.DHT11_ReadTemp) refers to dflt_clz.o(x$fpl$dfltu) for __aeabi_ui2d
    dht11.o(i.DHT11_ReadTemp) refers to ddiv.o(x$fpl$ddiv) for __aeabi_ddiv
    dht11.o(i.DHT11_ReadTemp) refers to daddsub_clz.o(x$fpl$dadd) for __aeabi_dadd
    dht11.o(i.DHT11_ReadTemp) refers to d2f.o(x$fpl$d2f) for __aeabi_d2f
    dht11.o(i.DHT11_ReadTemp) refers to fflt_clz.o(x$fpl$ffltu) for __aeabi_ui2f
    dht11.o(i.DHT11_SetPinIn) refers to stm32f10x_gpio.o(i.GPIO_Init) for GPIO_Init
    dht11.o(i.DHT11_SetPinOut) refers to stm32f10x_gpio.o(i.GPIO_Init) for GPIO_Init
    dht11.o(i.DHT11_Start) refers to dht11.o(i.DHT11_SetPinOut) for DHT11_SetPinOut
    dht11.o(i.DHT11_Start) refers to stm32f10x_gpio.o(i.GPIO_WriteBit) for GPIO_WriteBit
    dht11.o(i.DHT11_Start) refers to delay_tim.o(i.delay_ms) for delay_ms
    dht11.o(i.DHT11_Start) refers to dht11.o(i.DHT11_SetPinIn) for DHT11_SetPinIn
    dht11.o(i.DHT11_Start) refers to stm32f10x_tim.o(i.TIM_SetCounter) for TIM_SetCounter
    dht11.o(i.DHT11_Start) refers to stm32f10x_gpio.o(i.GPIO_ReadInputDataBit) for GPIO_ReadInputDataBit
    dht11.o(i.DHT11_Start) refers to stm32f10x_tim.o(i.TIM_GetCounter) for TIM_GetCounter
    dht11.o(i.DHT11_Start) refers to dht11.o(.data) for time
    gpio.o(i.GPIO_Config) refers to stm32f10x_rcc.o(i.RCC_APB2PeriphClockCmd) for RCC_APB2PeriphClockCmd
    gpio.o(i.GPIO_Config) refers to stm32f10x_gpio.o(i.GPIO_Init) for GPIO_Init
    main.o(i.main) refers to _printf_percent.o(.ARM.Collect$$_printf_percent$$00000000) for _printf_percent
    main.o(i.main) refers to _printf_f.o(.ARM.Collect$$_printf_percent$$00000003) for _printf_f
    main.o(i.main) refers to printf1.o(x$fpl$printf1) for _printf_fp_dec
    main.o(i.main) refers to system_stm32f10x.o(i.SystemInit) for SystemInit
    main.o(i.main) refers to dht11.o(i.DHT11_Init) for DHT11_Init
    main.o(i.main) refers to uart.o(i.UART1_config) for UART1_config
    main.o(i.main) refers to gpio.o(i.GPIO_Config) for GPIO_Config
    main.o(i.main) refers to delay_tim.o(i.TIM2_Config) for TIM2_Config
    main.o(i.main) refers to dht11.o(i.DHT11_ReadTemp) for DHT11_ReadTemp
    main.o(i.main) refers to dht11.o(i.DHT11_ReadHumi) for DHT11_ReadHumi
    main.o(i.main) refers to f2d.o(x$fpl$f2d) for __aeabi_f2d
    main.o(i.main) refers to noretval__2sprintf.o(.text) for __2sprintf
    main.o(i.main) refers to uart.o(i.UART_SendString) for UART_SendString
    main.o(i.main) refers to delay_tim.o(i.delay_ms) for delay_ms
    main.o(i.main) refers to main.o(.bss) for DHT11
    main.o(i.main) refers to main.o(.data) for Temp
    uart.o(i.UART1_config) refers to stm32f10x_rcc.o(i.RCC_APB2PeriphClockCmd) for RCC_APB2PeriphClockCmd
    uart.o(i.UART1_config) refers to stm32f10x_usart.o(i.USART_Init) for USART_Init
    uart.o(i.UART1_config) refers to stm32f10x_usart.o(i.USART_Cmd) for USART_Cmd
    uart.o(i.UART_SendChar) refers to stm32f10x_usart.o(i.USART_GetFlagStatus) for USART_GetFlagStatus
    uart.o(i.UART_SendChar) refers to stm32f10x_usart.o(i.USART_SendData) for USART_SendData
    uart.o(i.UART_SendString) refers to uart.o(i.UART_SendChar) for UART_SendChar
    stm32f10x_gpio.o(i.GPIO_AFIODeInit) refers to stm32f10x_rcc.o(i.RCC_APB2PeriphResetCmd) for RCC_APB2PeriphResetCmd
[...]
    rtexit.o(.ARM.Collect$$rtexit$$00000000) refers (Special) to rtexit2.o(.ARM.Collect$$rtexit$$00000003) for __rt_exit_ls
    rtexit.o(.ARM.Collect$$rtexit$$00000000) refers (Special) to rtexit2.o(.ARM.Collect$$rtexit$$00000002) for __rt_exit_prels_1
    rtexit.o(.ARM.exidx) refers (Special) to rtexit2.o(.ARM.Collect$$rtexit$$00000004) for __rt_exit_exit
    rtexit.o(.ARM.exidx) refers (Special) to rtexit2.o(.ARM.Collect$$rtexit$$00000003) for __rt_exit_ls
    rtexit.o(.ARM.exidx) refers (Special) to rtexit2.o(.ARM.Collect$$rtexit$$00000002) for __rt_exit_prels_1
    rtexit.o(.ARM.exidx) refers to rtexit.o(.ARM.Collect$$rtexit$$00000000) for .ARM.Collect$$rtexit$$00000000
    argv_veneer.o(.emb_text) refers to no_argv.o(.text) for __ARM_get_argv
    rtexit2.o(.ARM.Collect$$rtexit$$00000003) refers to libshutdown.o(.ARM.Collect$$libshutdown$$00000000) for __rt_lib_shutdown
    rtexit2.o(.ARM.Collect$$rtexit$$00000004) refers to sys_exit.o(.text) for _sys_exit
    rtexit2.o(.ARM.exidx) refers to rtexit2.o(.ARM.Collect$$rtexit$$00000001) for .ARM.Collect$$rtexit$$00000001
    rtexit2.o(.ARM.exidx) refers to rtexit2.o(.ARM.Collect$$rtexit$$00000003) for .ARM.Collect$$rtexit$$00000003
    rtexit2.o(.ARM.exidx) refers to rtexit2.o(.ARM.Collect$$rtexit$$00000004) for .ARM.Collect$$rtexit$$00000004
    _get_argv_nomalloc.o(.text) refers (Special) to hrguard.o(.text) for __heap_region$guard
    _get_argv_nomalloc.o(.text) refers to defsig_rtmem_outer.o(.text) for __rt_SIGRTMEM
    _get_argv_nomalloc.o(.text) refers to sys_command.o(.text) for _sys_command_string
    sys_command.o(.text) refers (Special) to use_no_semi.o(.text) for __I$use$semihosting
    sys_command.o(.text) refers (Special) to indicate_semi.o(.text) for __semihosting_library_function
    sys_exit.o(.text) refers (Special) to use_no_semi.o(.text) for __I$use$semihosting
    sys_exit.o(.text) refers (Special) to indicate_semi.o(.text) for __semihosting_library_function
    defsig_rtmem_outer.o(.text) refers to defsig_rtmem_inner.o(.text) for __rt_SIGRTMEM_inner
    defsig_rtmem_outer.o(.text) refers to defsig_exit.o(.text) for __sig_exit
    defsig_rtmem_formal.o(.text) refers to rt_raise.o(.text) for __rt_raise
    libshutdown.o(.ARM.Collect$$libshutdown$$00000000) refers (Special) to libshutdown2.o(.ARM.Collect$$libshutdown$$00000002) for __rt_lib_shutdown_cpp_1
    libshutdown.o(.ARM.Collect$$libshutdown$$00000000) refers (Special) to libshutdown2.o(.ARM.Collect$$libshutdown$$00000007) for __rt_lib_shutdown_fp_trap_1
    libshutdown.o(.ARM.Collect$$libshutdown$$00000000) refers (Special) to libshutdown2.o(.ARM.Collect$$libshutdown$$0000000F) for __rt_lib_shutdown_heap_1
    libshutdown.o(.ARM.Collect$$libshutdown$$00000000) refers (Special) to libshutdown2.o(.ARM.Collect$$libshutdown$$00000010) for __rt_lib_shutdown_return
    libshutdown.o(.ARM.Collect$$libshutdown$$00000000) refers (Special) to libshutdown2.o(.ARM.Collect$$libshutdown$$0000000A) for __rt_lib_shutdown_signal_1
    libshutdown.o(.ARM.Collect$$libshutdown$$00000000) refers (Special) to libshutdown2.o(.ARM.Collect$$libshutdown$$00000004) for __rt_lib_shutdown_stdio_1
    libshutdown.o(.ARM.Collect$$libshutdown$$00000000) refers (Special) to libshutdown2.o(.ARM.Collect$$libshutdown$$0000000C) for __rt_lib_shutdown_user_alloc_1
    rt_raise.o(.text) refers to __raise.o(.text) for __raise
    rt_raise.o(.text) refers to sys_exit.o(.text) for _sys_exit
    defsig_exit.o(.text) refers to sys_exit.o(.text) for _sys_exit
    defsig_rtmem_inner.o(.text) refers to defsig_general.o(.text) for __default_signal_display
    __raise.o(.text) refers to defsig.o(CL$$defsig) for __default_signal_handler
    defsig_general.o(.text) refers to sys_wrch.o(.text) for _ttywrch
    sys_wrch.o(.text) refers (Special) to use_no_semi.o(.text) for __I$use$semihosting
    sys_wrch.o(.text) refers (Special) to indicate_semi.o(.text) for __semihosting_library_function
    defsig.o(CL$$defsig) refers to defsig_rtmem_inner.o(.text) for __rt_SIGRTMEM_inner
    defsig_abrt_inner.o(.text) refers to defsig_general.o(.text) for __default_signal_display
    defsig_fpe_inner.o(.text) refers to defsig_general.o(.text) for __default_signal_display
    defsig_rtred_inner.o(.text) refers to defsig_general.o(.text) for __default_signal_display
    defsig_stak_inner.o(.text) refers to defsig_general.o(.text) for __default_signal_display
    defsig_pvfn_inner.o(.text) refers to defsig_general.o(.text) for __default_signal_display
    defsig_cppl_inner.o(.text) refers to defsig_general.o(.text) for __default_signal_display
    defsig_segv_inner.o(.text) refers to defsig_general.o(.text) for __default_signal_display
    defsig_other.o(.text) refers to defsig_general.o(.text) for __default_signal_display


==============================================================================

Removing Unused input sections from the image.

    Removing delay_tim.o(.rev16_text), (4 bytes).
    Removing delay_tim.o(.revsh_text), (4 bytes).
    Removing delay_tim.o(.rrx_text), (6 bytes).
    Removing delay_tim.o(i.delay_us), (30 bytes).
    Removing dht11.o(.rev16_text), (4 bytes).
    Removing dht11.o(.revsh_text), (4 bytes).
    Removing dht11.o(.rrx_text), (6 bytes).
    Removing gpio.o(.rev16_text), (4 bytes).
    Removing gpio.o(.revsh_text), (4 bytes).
    Removing gpio.o(.rrx_text), (6 bytes).
    Removing main.o(.rev16_text), (4 bytes).
    Removing main.o(.revsh_text), (4 bytes).
    Removing main.o(.rrx_text), (6 bytes).
    Removing uart.o(.rev16_text), (4 bytes).
    Removing uart.o(.revsh_text), (4 bytes).
    Removing uart.o(.rrx_text), (6 bytes).
    Removing misc.o(.rev16_text), (4 bytes).
    Removing misc.o(.revsh_text), (4 bytes).
    Removing misc.o(.rrx_text), (6 bytes).
    Removing misc.o(i.NVIC_Init), (112 bytes).
    Removing misc.o(i.NVIC_PriorityGroupConfig), (20 bytes).
    Removing misc.o(i.NVIC_SetVectorTable), (20 bytes).
    Removing misc.o(i.NVIC_SystemLPConfig), (32 bytes).
    Removing misc.o(i.SysTick_CLKSourceConfig), (40 bytes).
    Removing stm32f10x_gpio.o(.rev16_text), (4 bytes).
    Removing stm32f10x_gpio.o(.revsh_text), (4 bytes).
    Removing stm32f10x_gpio.o(.rrx_text), (6 bytes).
    Removing stm32f10x_gpio.o(i.GPIO_AFIODeInit), (20 bytes).
    Removing stm32f10x_gpio.o(i.GPIO_DeInit), (200 bytes).
    Removing stm32f10x_gpio.o(i.GPIO_ETH_MediaInterfaceConfig), (12 bytes).
    Removing stm32f10x_gpio.o(i.GPIO_EXTILineConfig), (64 bytes).
    Removing stm32f10x_gpio.o(i.GPIO_EventOutputCmd), (12 bytes).
    Removing stm32f10x_gpio.o(i.GPIO_EventOutputConfig), (32 bytes).
    Removing stm32f10x_gpio.o(i.GPIO_PinLockConfig), (18 bytes).
    Removing stm32f10x_gpio.o(i.GPIO_PinRemapConfig), (144 bytes).
    Removing stm32f10x_gpio.o(i.GPIO_ReadInputData), (8 bytes).
    Removing stm32f10x_gpio.o(i.GPIO_ReadOutputData), (8 bytes).
    Removing stm32f10x_gpio.o(i.GPIO_ReadOutputDataBit), (18 bytes).
    Removing stm32f10x_gpio.o(i.GPIO_ResetBits), (4 bytes).
    Removing stm32f10x_gpio.o(i.GPIO_SetBits), (4 bytes).
    Removing stm32f10x_gpio.o(i.GPIO_StructInit), (16 bytes).
    Removing stm32f10x_gpio.o(i.GPIO_Write), (4 bytes).
    Removing stm32f10x_rcc.o(.rev16_text), (4 bytes).
    Removing stm32f10x_rcc.o(.revsh_text), (4 bytes).
    Removing stm32f10x_rcc.o(.rrx_text), (6 bytes).
    Removing stm32f10x_rcc.o(i.RCC_ADCCLKConfig), (24 bytes).
    Removing stm32f10x_rcc.o(i.RCC_AHBPeriphClockCmd), (32 bytes).
    Removing stm32f10x_rcc.o(i.RCC_APB1PeriphResetCmd), (32 bytes).
    Removing stm32f10x_rcc.o(i.RCC_APB2PeriphResetCmd), (32 bytes).
    Removing stm32f10x_rcc.o(i.RCC_AdjustHSICalibrationValue), (24 bytes).
    Removing stm32f10x_rcc.o(i.RCC_BackupResetCmd), (12 bytes).
    Removing stm32f10x_rcc.o(i.RCC_ClearFlag), (20 bytes).
    Removing stm32f10x_rcc.o(i.RCC_ClearITPendingBit), (12 bytes).
    Removing stm32f10x_rcc.o(i.RCC_ClockSecuritySystemCmd), (12 bytes).
    Removing stm32f10x_rcc.o(i.RCC_DeInit), (76 bytes).
    Removing stm32f10x_rcc.o(i.RCC_GetFlagStatus), (60 bytes).
    Removing stm32f10x_rcc.o(i.RCC_GetITStatus), (24 bytes).
    Removing stm32f10x_rcc.o(i.RCC_GetSYSCLKSource), (16 bytes).
    Removing stm32f10x_rcc.o(i.RCC_HCLKConfig), (24 bytes).
    Removing stm32f10x_rcc.o(i.RCC_HSEConfig), (76 bytes).
    Removing stm32f10x_rcc.o(i.RCC_HSICmd), (12 bytes).
    Removing stm32f10x_rcc.o(i.RCC_ITConfig), (32 bytes).
    Removing stm32f10x_rcc.o(i.RCC_LSEConfig), (52 bytes).
    Removing stm32f10x_rcc.o(i.RCC_LSICmd), (12 bytes).
    Removing stm32f10x_rcc.o(i.RCC_MCOConfig), (12 bytes).
    Removing stm32f10x_rcc.o(i.RCC_PCLK1Config), (24 bytes).
    Removing stm32f10x_rcc.o(i.RCC_PCLK2Config), (24 bytes).
    Removing stm32f10x_rcc.o(i.RCC_PLLCmd), (12 bytes).
    Removing stm32f10x_rcc.o(i.RCC_PLLConfig), (28 bytes).
    Removing stm32f10x_rcc.o(i.RCC_RTCCLKCmd), (12 bytes).
    Removing stm32f10x_rcc.o(i.RCC_RTCCLKConfig), (16 bytes).
    Removing stm32f10x_rcc.o(i.RCC_SYSCLKConfig), (24 bytes).
    Removing stm32f10x_rcc.o(i.RCC_USBCLKConfig), (12 bytes).
    Removing stm32f10x_rcc.o(i.RCC_WaitForHSEStartUp), (56 bytes).
    Removing stm32f10x_tim.o(.rev16_text), (4 bytes).
    Removing stm32f10x_tim.o(.revsh_text), (4 bytes).
    Removing stm32f10x_tim.o(.rrx_text), (6 bytes).
    Removing stm32f10x_tim.o(i.TI1_Config), (128 bytes).
    Removing stm32f10x_tim.o(i.TI2_Config), (152 bytes).
    Removing stm32f10x_tim.o(i.TI3_Config), (144 bytes).
    Removing stm32f10x_tim.o(i.TI4_Config), (152 bytes).
    Removing stm32f10x_tim.o(i.TIM_ARRPreloadConfig), (24 bytes).
    Removing stm32f10x_tim.o(i.TIM_BDTRConfig), (32 bytes).
    Removing stm32f10x_tim.o(i.TIM_BDTRStructInit), (18 bytes).
    Removing stm32f10x_tim.o(i.TIM_CCPreloadControl), (24 bytes).
    Removing stm32f10x_tim.o(i.TIM_CCxCmd), (30 bytes).
    Removing stm32f10x_tim.o(i.TIM_CCxNCmd), (30 bytes).
    Removing stm32f10x_tim.o(i.TIM_ClearFlag), (6 bytes).
    Removing stm32f10x_tim.o(i.TIM_ClearITPendingBit), (6 bytes).
    Removing stm32f10x_tim.o(i.TIM_ClearOC1Ref), (18 bytes).
    Removing stm32f10x_tim.o(i.TIM_ClearOC2Ref), (24 bytes).
    Removing stm32f10x_tim.o(i.TIM_ClearOC3Ref), (18 bytes).
    Removing stm32f10x_tim.o(i.TIM_ClearOC4Ref), (24 bytes).
    Removing stm32f10x_tim.o(i.TIM_CounterModeConfig), (18 bytes).
    Removing stm32f10x_tim.o(i.TIM_CtrlPWMOutputs), (30 bytes).
    Removing stm32f10x_tim.o(i.TIM_DMACmd), (18 bytes).
    Removing stm32f10x_tim.o(i.TIM_DMAConfig), (10 bytes).
    Removing stm32f10x_tim.o(i.TIM_DeInit), (488 bytes).
    Removing stm32f10x_tim.o(i.TIM_ETRClockMode1Config), (54 bytes).
    Removing stm32f10x_tim.o(i.TIM_ETRClockMode2Config), (32 bytes).
    Removing stm32f10x_tim.o(i.TIM_ETRConfig), (28 bytes).
    Removing stm32f10x_tim.o(i.TIM_EncoderInterfaceConfig), (66 bytes).
    Removing stm32f10x_tim.o(i.TIM_ForcedOC1Config), (18 bytes).
    Removing stm32f10x_tim.o(i.TIM_ForcedOC2Config), (26 bytes).
    Removing stm32f10x_tim.o(i.TIM_ForcedOC3Config), (18 bytes).
    Removing stm32f10x_tim.o(i.TIM_ForcedOC4Config), (26 bytes).
    Removing stm32f10x_tim.o(i.TIM_GenerateEvent), (4 bytes).
    Removing stm32f10x_tim.o(i.TIM_GetCapture1), (6 bytes).
    Removing stm32f10x_tim.o(i.TIM_GetCapture2), (6 bytes).
    Removing stm32f10x_tim.o(i.TIM_GetCapture3), (6 bytes).
    Removing stm32f10x_tim.o(i.TIM_GetCapture4), (8 bytes).
    Removing stm32f10x_tim.o(i.TIM_GetFlagStatus), (18 bytes).
    Removing stm32f10x_tim.o(i.TIM_GetITStatus), (34 bytes).
    Removing stm32f10x_tim.o(i.TIM_GetPrescaler), (6 bytes).
    Removing stm32f10x_tim.o(i.TIM_ICInit), (172 bytes).
    Removing stm32f10x_tim.o(i.TIM_ICStructInit), (18 bytes).
    Removing stm32f10x_tim.o(i.TIM_ITConfig), (18 bytes).
    Removing stm32f10x_tim.o(i.TIM_ITRxExternalClockConfig), (24 bytes).
    Removing stm32f10x_tim.o(i.TIM_InternalClockConfig), (12 bytes).
    Removing stm32f10x_tim.o(i.TIM_OC1FastConfig), (18 bytes).
    Removing stm32f10x_tim.o(i.TIM_OC1Init), (152 bytes).
    Removing stm32f10x_tim.o(i.TIM_OC1NPolarityConfig), (18 bytes).
    Removing stm32f10x_tim.o(i.TIM_OC1PolarityConfig), (18 bytes).
    Removing stm32f10x_tim.o(i.TIM_OC1PreloadConfig), (18 bytes).
    Removing stm32f10x_tim.o(i.TIM_OC2FastConfig), (26 bytes).
    Removing stm32f10x_tim.o(i.TIM_OC2Init), (164 bytes).
    Removing stm32f10x_tim.o(i.TIM_OC2NPolarityConfig), (26 bytes).
    Removing stm32f10x_tim.o(i.TIM_OC2PolarityConfig), (26 bytes).
    Removing stm32f10x_tim.o(i.TIM_OC2PreloadConfig), (26 bytes).
    Removing stm32f10x_tim.o(i.TIM_OC3FastConfig), (18 bytes).
    Removing stm32f10x_tim.o(i.TIM_OC3Init), (160 bytes).
    Removing stm32f10x_tim.o(i.TIM_OC3NPolarityConfig), (26 bytes).
    Removing stm32f10x_tim.o(i.TIM_OC3PolarityConfig), (26 bytes).
    Removing stm32f10x_tim.o(i.TIM_OC3PreloadConfig), (18 bytes).
    Removing stm32f10x_tim.o(i.TIM_OC4FastConfig), (26 bytes).
    Removing stm32f10x_tim.o(i.TIM_OC4Init), (124 bytes).
    Removing stm32f10x_tim.o(i.TIM_OC4PolarityConfig), (26 bytes).
    Removing stm32f10x_tim.o(i.TIM_OC4PreloadConfig), (26 bytes).
    Removing stm32f10x_tim.o(i.TIM_OCStructInit), (20 bytes).
    Removing stm32f10x_tim.o(i.TIM_PWMIConfig), (124 bytes).
    Removing stm32f10x_tim.o(i.TIM_PrescalerConfig), (6 bytes).
    Removing stm32f10x_tim.o(i.TIM_SelectCCDMA), (24 bytes).
    Removing stm32f10x_tim.o(i.TIM_SelectCOM), (24 bytes).
    Removing stm32f10x_tim.o(i.TIM_SelectHallSensor), (24 bytes).
    Removing stm32f10x_tim.o(i.TIM_SelectInputTrigger), (18 bytes).
    Removing stm32f10x_tim.o(i.TIM_SelectMasterSlaveMode), (18 bytes).
    Removing stm32f10x_tim.o(i.TIM_SelectOCxM), (82 bytes).
    Removing stm32f10x_tim.o(i.TIM_SelectOnePulseMode), (18 bytes).
    Removing stm32f10x_tim.o(i.TIM_SelectOutputTrigger), (18 bytes).
    Removing stm32f10x_tim.o(i.TIM_SelectSlaveMode), (18 bytes).
    Removing stm32f10x_tim.o(i.TIM_SetAutoreload), (4 bytes).
    Removing stm32f10x_tim.o(i.TIM_SetClockDivision), (18 bytes).
    Removing stm32f10x_tim.o(i.TIM_SetCompare1), (4 bytes).
    Removing stm32f10x_tim.o(i.TIM_SetCompare2), (4 bytes).
    Removing stm32f10x_tim.o(i.TIM_SetCompare3), (4 bytes).
    Removing stm32f10x_tim.o(i.TIM_SetCompare4), (6 bytes).
    Removing stm32f10x_tim.o(i.TIM_SetIC1Prescaler), (18 bytes).
    Removing stm32f10x_tim.o(i.TIM_SetIC2Prescaler), (26 bytes).
    Removing stm32f10x_tim.o(i.TIM_SetIC3Prescaler), (18 bytes).
    Removing stm32f10x_tim.o(i.TIM_SetIC4Prescaler), (26 bytes).
    Removing stm32f10x_tim.o(i.TIM_TIxExternalClockConfig), (62 bytes).
    Removing stm32f10x_tim.o(i.TIM_TimeBaseStructInit), (18 bytes).
    Removing stm32f10x_tim.o(i.TIM_UpdateDisableConfig), (24 bytes).
    Removing stm32f10x_tim.o(i.TIM_UpdateRequestConfig), (24 bytes).
    Removing stm32f10x_usart.o(.rev16_text), (4 bytes).
    Removing stm32f10x_usart.o(.revsh_text), (4 bytes).
    Removing stm32f10x_usart.o(.rrx_text), (6 bytes).
    Removing stm32f10x_usart.o(i.USART_ClearFlag), (18 bytes).
    Removing stm32f10x_usart.o(i.USART_ClearITPendingBit), (30 bytes).
    Removing stm32f10x_usart.o(i.USART_ClockInit), (34 bytes).
    Removing stm32f10x_usart.o(i.USART_ClockStructInit), (12 bytes).
    Removing stm32f10x_usart.o(i.USART_DMACmd), (18 bytes).
    Removing stm32f10x_usart.o(i.USART_DeInit), (156 bytes).
    Removing stm32f10x_usart.o(i.USART_GetITStatus), (84 bytes).
    Removing stm32f10x_usart.o(i.USART_HalfDuplexCmd), (24 bytes).
    Removing stm32f10x_usart.o(i.USART_ITConfig), (74 bytes).
    Removing stm32f10x_usart.o(i.USART_IrDACmd), (24 bytes).
    Removing stm32f10x_usart.o(i.USART_IrDAConfig), (18 bytes).
    Removing stm32f10x_usart.o(i.USART_LINBreakDetectLengthConfig), (18 bytes).
    Removing stm32f10x_usart.o(i.USART_LINCmd), (24 bytes).
    Removing stm32f10x_usart.o(i.USART_OneBitMethodCmd), (24 bytes).
    Removing stm32f10x_usart.o(i.USART_OverSampling8Cmd), (22 bytes).
    Removing stm32f10x_usart.o(i.USART_ReceiveData), (10 bytes).
    Removing stm32f10x_usart.o(i.USART_ReceiverWakeUpCmd), (24 bytes).
    Removing stm32f10x_usart.o(i.USART_SendBreak), (10 bytes).
    Removing stm32f10x_usart.o(i.USART_SetAddress), (18 bytes).
    Removing stm32f10x_usart.o(i.USART_SetGuardTime), (16 bytes).
    Removing stm32f10x_usart.o(i.USART_SetPrescaler), (16 bytes).
    Removing stm32f10x_usart.o(i.USART_SmartCardCmd), (24 bytes).
    Removing stm32f10x_usart.o(i.USART_SmartCardNACKCmd), (24 bytes).
    Removing stm32f10x_usart.o(i.USART_StructInit), (24 bytes).
    Removing stm32f10x_usart.o(i.USART_WakeUpConfig), (18 bytes).
    Removing system_stm32f10x.o(.rev16_text), (4 bytes).
    Removing system_stm32f10x.o(.revsh_text), (4 bytes).
    Removing system_stm32f10x.o(.rrx_text), (6 bytes).
    Removing system_stm32f10x.o(i.SystemCoreClockUpdate), (164 bytes).

196 unused section(s) (total 6290 bytes) removed from the image.

==============================================================================

Image Symbol Table

    Local Symbols

    Symbol Name                              Value     Ov Type        Size  Object(Section)

    ../clib/angel/boardlib.s                 0x00000000   Number         0  boardinit2.o ABSOLUTE
    ../clib/angel/boardlib.s                 0x00000000   Number         0  boardinit1.o ABSOLUTE
    ../clib/angel/boardlib.s                 0x00000000   Number         0  boardshut.o ABSOLUTE
    ../clib/angel/boardlib.s                 0x00000000   Number         0  boardinit3.o ABSOLUTE
    ../clib/angel/handlers.s                 0x00000000   Number         0  __scatter_zi.o ABSOLUTE
    ../clib/angel/handlers.s                 0x00000000   Number         0  __scatter_copy.o ABSOLUTE
    ../clib/angel/kernel.s                   0x00000000   Number         0  rtexit2.o ABSOLUTE
    ../clib/angel/kernel.s                   0x00000000   Number         0  __rtentry4.o ABSOLUTE
    ../clib/angel/kernel.s                   0x00000000   Number         0  __rtentry2.o ABSOLUTE
    ../clib/angel/kernel.s                   0x00000000   Number         0  __rtentry.o ABSOLUTE
    ../clib/angel/kernel.s                   0x00000000   Number         0  rtexit.o ABSOLUTE
    ../clib/angel/rt.s                       0x00000000   Number         0  rt_locale.o ABSOLUTE
    ../clib/angel/rt.s                       0x00000000   Number         0  rt_raise.o ABSOLUTE
    ../clib/angel/rt.s                       0x00000000   Number         0  rt_locale_intlibspace.o ABSOLUTE
    ../clib/angel/scatter.s                  0x00000000   Number         0  __scatter.o ABSOLUTE
    ../clib/angel/startup.s                  0x00000000   Number         0  __main.o ABSOLUTE
    ../clib/angel/sys.s                      0x00000000   Number         0  libspace.o ABSOLUTE
    ../clib/angel/sys.s                      0x00000000   Number         0  sys_stackheap_outer.o ABSOLUTE
    ../clib/angel/sys.s                      0x00000000   Number         0  use_no_semi.o ABSOLUTE
    ../clib/angel/sys.s                      0x00000000   Number         0  indicate_semi.o ABSOLUTE
    ../clib/angel/sysapp.c                   0x00000000   Number         0  sys_wrch.o ABSOLUTE
    ../clib/angel/sysapp.c                   0x00000000   Number         0  sys_command.o ABSOLUTE
    ../clib/angel/sysapp.c                   0x00000000   Number         0  sys_exit.o ABSOLUTE
    ../clib/armsys.c                         0x00000000   Number         0  _get_argv_nomalloc.o ABSOLUTE
    ../clib/armsys.c                         0x00000000   Number         0  no_argv.o ABSOLUTE
    ../clib/armsys.c                         0x00000000   Number         0  argv_veneer.o ABSOLUTE
    ../clib/armsys.c                         0x00000000   Number         0  argv_veneer.o ABSOLUTE
    ../clib/bigflt.c                         0x00000000   Number         0  bigflt0.o ABSOLUTE
    ../clib/btod.s                           0x00000000   Number         0  btod.o ABSOLUTE
    ../clib/heapalloc.c                      0x00000000   Number         0  hrguard.o ABSOLUTE
    ../clib/heapaux.c                        0x00000000   Number         0  heapauxi.o ABSOLUTE
    ../clib/libinit.s                        0x00000000   Number         0  libinit2.o ABSOLUTE
    ../clib/libinit.s                        0x00000000   Number         0  libshutdown2.o ABSOLUTE
    ../clib/libinit.s                        0x00000000   Number         0  libshutdown.o ABSOLUTE
    ../clib/libinit.s                        0x00000000   Number         0  libinit.o ABSOLUTE
    ../clib/locale.s                         0x00000000   Number         0  lc_numeric_c.o ABSOLUTE
    ../clib/longlong.s                       0x00000000   Number         0  lludiv10.o ABSOLUTE
    ../clib/memcpset.s                       0x00000000   Number         0  strcmpv7m.o ABSOLUTE
    ../clib/misc.s                           0x00000000   Number         0  printf_stubs.o ABSOLUTE
    ../clib/printf.c                         0x00000000   Number         0  __printf_flags_ss_wp.o ABSOLUTE
    ../clib/printf.c                         0x00000000   Number         0  __printf_ss_wp.o ABSOLUTE
    ../clib/printf.c                         0x00000000   Number         0  __printf_flags.o ABSOLUTE
    ../clib/printf.c                         0x00000000   Number         0  __printf_ss.o ABSOLUTE
    ../clib/printf.c                         0x00000000   Number         0  noretval__2sprintf.o ABSOLUTE
    ../clib/printf.c                         0x00000000   Number         0  __2sprintf.o ABSOLUTE
    ../clib/printf.c                         0x00000000   Number         0  __printf_nopercent.o ABSOLUTE
    ../clib/printf.c                         0x00000000   Number         0  _printf_fp_dec.o ABSOLUTE
    ../clib/printf.c                         0x00000000   Number         0  _printf_char_common.o ABSOLUTE
    ../clib/printf.c                         0x00000000   Number         0  _printf_fp_infnan.o ABSOLUTE
    ../clib/printf.c                         0x00000000   Number         0  _sputc.o ABSOLUTE
    ../clib/printf.c                         0x00000000   Number         0  __printf_flags_wp.o ABSOLUTE
    ../clib/printf.c                         0x00000000   Number         0  __printf_flags_ss.o ABSOLUTE
    ../clib/printf.c                         0x00000000   Number         0  __printf_wp.o ABSOLUTE
    ../clib/printf.c                         0x00000000   Number         0  __printf.o ABSOLUTE
    ../clib/printf_percent.s                 0x00000000   Number         0  _printf_f.o ABSOLUTE
    ../clib/printf_percent.s                 0x00000000   Number         0  _printf_percent.o ABSOLUTE
    ../clib/printf_percent.s                 0x00000000   Number         0  _printf_percent_end.o ABSOLUTE
    ../clib/signal.c                         0x00000000   Number         0  defsig_other.o ABSOLUTE
    ../clib/signal.c                         0x00000000   Number         0  defsig_segv_inner.o ABSOLUTE
    ../clib/signal.c                         0x00000000   Number         0  defsig_pvfn_inner.o ABSOLUTE
    ../clib/signal.c                         0x00000000   Number         0  defsig_cppl_inner.o ABSOLUTE
    ../clib/signal.c                         0x00000000   Number         0  defsig_stak_inner.o ABSOLUTE
    ../clib/signal.c                         0x00000000   Number         0  defsig_exit.o ABSOLUTE
    ../clib/signal.c                         0x00000000   Number         0  defsig_rtmem_formal.o ABSOLUTE
    ../clib/signal.c                         0x00000000   Number         0  defsig_general.o ABSOLUTE
    ../clib/signal.c                         0x00000000   Number         0  __raise.o ABSOLUTE
    ../clib/signal.c                         0x00000000   Number         0  defsig_abrt_inner.o ABSOLUTE
    ../clib/signal.c                         0x00000000   Number         0  defsig_rtmem_outer.o ABSOLUTE
    ../clib/signal.c                         0x00000000   Number         0  defsig_fpe_inner.o ABSOLUTE
    ../clib/signal.c                         0x00000000   Number         0  defsig_rtmem_inner.o ABSOLUTE
    ../clib/signal.c                         0x00000000   Number         0  defsig_rtred_inner.o ABSOLUTE
    ../clib/signal.s                         0x00000000   Number         0  defsig.o ABSOLUTE
    ../clib/stdlib.c                         0x00000000   Number         0  exit.o ABSOLUTE
    ../fplib/d2f.s                           0x00000000   Number         0  d2f.o ABSOLUTE
    ../fplib/daddsub.s                       0x00000000   Number         0  daddsub_clz.o ABSOLUTE
    ../fplib/ddiv.s                          0x00000000   Number         0  ddiv.o ABSOLUTE
    ../fplib/dflt.s                          0x00000000   Number         0  dflt_clz.o ABSOLUTE
    ../fplib/dnaninf.s                       0x00000000   Number         0  dnaninf.o ABSOLUTE
    ../fplib/dretinf.s                       0x00000000   Number         0  dretinf.o ABSOLUTE
    ../fplib/f2d.s                           0x00000000   Number         0  f2d.o ABSOLUTE
    ../fplib/fflt.s                          0x00000000   Number         0  fflt_clz.o ABSOLUTE
    ../fplib/fnaninf.s                       0x00000000   Number         0  fnaninf.o ABSOLUTE
    ../fplib/fpinit.s                        0x00000000   Number         0  fpinit.o ABSOLUTE
    ../fplib/fretinf.s                       0x00000000   Number         0  fretinf.o ABSOLUTE
    ../fplib/istatus.s                       0x00000000   Number         0  istatus.o ABSOLUTE
    ../fplib/printf1.s                       0x00000000   Number         0  printf1.o ABSOLUTE
    ../fplib/usenofp.s                       0x00000000   Number         0  usenofp.o ABSOLUTE
    ../mathlib/fpclassify.c                  0x00000000   Number         0  fpclassify.o ABSOLUTE
    C:\Users\dell\AppData\Local\Arm\Packs\Keil\STM32F1xx_DFP\2.4.1\Device\StdPeriph_Driver\src\misc.c 0x00000000   Number         0  misc.o ABSOLUTE
    C:\Users\dell\AppData\Local\Arm\Packs\Keil\STM32F1xx_DFP\2.4.1\Device\StdPeriph_Driver\src\stm32f10x_gpio.c 0x00000000   Number         0  stm32f10x_gpio.o ABSOLUTE
    C:\Users\dell\AppData\Local\Arm\Packs\Keil\STM32F1xx_DFP\2.4.1\Device\StdPeriph_Driver\src\stm32f10x_rcc.c 0x00000000   Number         0  stm32f10x_rcc.o ABSOLUTE
    C:\Users\dell\AppData\Local\Arm\Packs\Keil\STM32F1xx_DFP\2.4.1\Device\StdPeriph_Driver\src\stm32f10x_tim.c 0x00000000   Number         0  stm32f10x_tim.o ABSOLUTE
    C:\Users\dell\AppData\Local\Arm\Packs\Keil\STM32F1xx_DFP\2.4.1\Device\StdPeriph_Driver\src\stm32f10x_usart.c 0x00000000   Number         0  stm32f10x_usart.o ABSOLUTE
    C:\\Users\\dell\\AppData\\Local\\Arm\\Packs\\Keil\\STM32F1xx_DFP\\2.4.1\\Device\\StdPeriph_Driver\\src\\misc.c 0x00000000   Number         0  misc.o ABSOLUTE
    C:\\Users\\dell\\AppData\\Local\\Arm\\Packs\\Keil\\STM32F1xx_DFP\\2.4.1\\Device\\StdPeriph_Driver\\src\\stm32f10x_gpio.c 0x00000000   Number         0  stm32f10x_gpio.o ABSOLUTE
    C:\\Users\\dell\\AppData\\Local\\Arm\\Packs\\Keil\\STM32F1xx_DFP\\2.4.1\\Device\\StdPeriph_Driver\\src\\stm32f10x_rcc.c 0x00000000   Number         0  stm32f10x_rcc.o ABSOLUTE
    C:\\Users\\dell\\AppData\\Local\\Arm\\Packs\\Keil\\STM32F1xx_DFP\\2.4.1\\Device\\StdPeriph_Driver\\src\\stm32f10x_tim.c 0x00000000   Number         0  stm32f10x_tim.o ABSOLUTE
    C:\\Users\\dell\\AppData\\Local\\Arm\\Packs\\Keil\\STM32F1xx_DFP\\2.4.1\\Device\\StdPeriph_Driver\\src\\stm32f10x_usart.c 0x00000000   Number         0  stm32f10x_usart.o ABSOLUTE
    RTE\Device\STM32F103C8\startup_stm32f10x_md.s 0x00000000   Number         0  startup_stm32f10x_md.o ABSOLUTE
    RTE\Device\STM32F103C8\system_stm32f10x.c 0x00000000   Number         0  system_stm32f10x.o ABSOLUTE
    RTE\\Device\\STM32F103C8\\system_stm32f10x.c 0x00000000   Number         0  system_stm32f10x.o ABSOLUTE
    dc.s                                     0x00000000   Number         0  dc.o ABSOLUTE
    src\DHT11.c                              0x00000000   Number         0  dht11.o ABSOLUTE
    src\Delay_Tim.c                          0x00000000   Number         0  delay_tim.o ABSOLUTE
    src\GPIO.c                               0x00000000   Number         0  gpio.o ABSOLUTE
    src\\DHT11.c                             0x00000000   Number         0  dht11.o ABSOLUTE
    src\\Delay_Tim.c                         0x00000000   Number         0  delay_tim.o ABSOLUTE
    src\\GPIO.c                              0x00000000   Number         0  gpio.o ABSOLUTE
    src\\main.c                              0x00000000   Number         0  main.o ABSOLUTE
    src\\uart.c                              0x00000000   Number         0  uart.o ABSOLUTE
    src\main.c                               0x00000000   Number         0  main.o ABSOLUTE
    src\uart.c                               0x00000000   Number         0  uart.o ABSOLUTE
    RESET                                    0x08000000   Section      236  startup_stm32f10x_md.o(RESET)
    !!!main                                  0x080000ec   Section        8  __main.o(!!!main)
    !!!scatter                               0x080000f4   Section       52  __scatter.o(!!!scatter)
    !!handler_copy                           0x08000128   Section       26  __scatter_copy.o(!!handler_copy)
    !!handler_zi                             0x08000144   Section       28  __scatter_zi.o(!!handler_zi)
    .ARM.Collect$$_printf_percent$$00000000  0x08000160   Section        0  _printf_percent.o(.ARM.Collect$$_printf_percent$$00000000)
    .ARM.Collect$$_printf_percent$$00000003  0x08000160   Section        6  _printf_f.o(.ARM.Collect$$_printf_percent$$00000003)
    .ARM.Collect$$_printf_percent$$00000017  0x08000166   Section        4  _printf_percent_end.o(.ARM.Collect$$_printf_percent$$00000017)
    .ARM.Collect$$libinit$$00000000          0x0800016a   Section        2  libinit.o(.ARM.Collect$$libinit$$00000000)
    .ARM.Collect$$libinit$$00000002          0x0800016c   Section        0  libinit2.o(.ARM.Collect$$libinit$$00000002)
    .ARM.Collect$$libinit$$00000004          0x0800016c   Section        0  libinit2.o(.ARM.Collect$$libinit$$00000004)
    .ARM.Collect$$libinit$$0000000A          0x0800016c   Section        0  libinit2.o(.ARM.Collect$$libinit$$0000000A)
    .ARM.Collect$$libinit$$0000000C          0x0800016c   Section        0  libinit2.o(.ARM.Collect$$libinit$$0000000C)
    .ARM.Collect$$libinit$$0000000E          0x0800016c   Section        0  libinit2.o(.ARM.Collect$$libinit$$0000000E)
    .ARM.Collect$$libinit$$0000000F          0x0800016c   Section        6  libinit2.o(.ARM.Collect$$libinit$$0000000F)
    .ARM.Collect$$libinit$$00000011          0x08000172   Section        0  libinit2.o(.ARM.Collect$$libinit$$00000011)
    .ARM.Collect$$libinit$$00000013          0x08000172   Section        0  libinit2.o(.ARM.Collect$$libinit$$00000013)
    .ARM.Collect$$libinit$$00000015          0x08000172   Section        0  libinit2.o(.ARM.Collect$$libinit$$00000015)
    .ARM.Collect$$libinit$$00000016          0x08000172   Section       10  libinit2.o(.ARM.Collect$$libinit$$00000016)
    .ARM.Collect$$libinit$$00000017          0x0800017c   Section        0  libinit2.o(.ARM.Collect$$libinit$$00000017)
    .ARM.Collect$$libinit$$00000019          0x0800017c   Section        0  libinit2.o(.ARM.Collect$$libinit$$00000019)
    .ARM.Collect$$libinit$$0000001B          0x0800017c   Section        0  libinit2.o(.ARM.Collect$$libinit$$0000001B)
    .ARM.Collect$$libinit$$0000001D          0x0800017c   Section        0  libinit2.o(.ARM.Collect$$libinit$$0000001D)
    .ARM.Collect$$libinit$$0000001F          0x0800017c   Section        0  libinit2.o(.ARM.Collect$$libinit$$0000001F)
    .ARM.Collect$$libinit$$00000021          0x0800017c   Section        0  libinit2.o(.ARM.Collect$$libinit$$00000021)
    .ARM.Collect$$libinit$$00000023          0x0800017c   Section        0  libinit2.o(.ARM.Collect$$libinit$$00000023)
    .ARM.Collect$$libinit$$00000025          0x0800017c   Section        0  libinit2.o(.ARM.Collect$$libinit$$00000025)
    .ARM.Collect$$libinit$$0000002C          0x0800017c   Section        0  libinit2.o(.ARM.Collect$$libinit$$0000002C)
    .ARM.Collect$$libinit$$0000002E          0x0800017c   Section        0  libinit2.o(.ARM.Collect$$libinit$$0000002E)
    .ARM.Collect$$libinit$$00000030          0x0800017c   Section        0  libinit2.o(.ARM.Collect$$libinit$$00000030)
    .ARM.Collect$$libinit$$00000032          0x0800017c   Section        0  libinit2.o(.ARM.Collect$$libinit$$00000032)
    .ARM.Collect$$libinit$$00000033          0x0800017c   Section        2  libinit2.o(.ARM.Collect$$libinit$$00000033)
    .ARM.Collect$$libshutdown$$00000000      0x0800017e   Section        2  libshutdown.o(.ARM.Collect$$libshutdown$$00000000)
    .ARM.Collect$$libshutdown$$00000002      0x08000180   Section        0  libshutdown2.o(.ARM.Collect$$libshutdown$$00000002)
    .ARM.Collect$$libshutdown$$00000004      0x08000180   Section        0  libshutdown2.o(.ARM.Collect$$libshutdown$$00000004)
    .ARM.Collect$$libshutdown$$00000007      0x08000180   Section        0  libshutdown2.o(.ARM.Collect$$libshutdown$$00000007)
    .ARM.Collect$$libshutdown$$0000000A      0x08000180   Section        0  libshutdown2.o(.ARM.Collect$$libshutdown$$0000000A)
    .ARM.Collect$$libshutdown$$0000000C      0x08000180   Section        0  libshutdown2.o(.ARM.Collect$$libshutdown$$0000000C)
    .ARM.Collect$$libshutdown$$0000000F      0x08000180   Section        0  libshutdown2.o(.ARM.Collect$$libshutdown$$0000000F)
    .ARM.Collect$$libshutdown$$00000010      0x08000180   Section        2  libshutdown2.o(.ARM.Collect$$libshutdown$$00000010)
    .ARM.Collect$$rtentry$$00000000          0x08000182   Section        0  __rtentry.o(.ARM.Collect$$rtentry$$00000000)
    .ARM.Collect$$rtentry$$00000002          0x08000182   Section        0  __rtentry2.o(.ARM.Collect$$rtentry$$00000002)
    .ARM.Collect$$rtentry$$00000004          0x08000182   Section        6  __rtentry4.o(.ARM.Collect$$rtentry$$00000004)
    .ARM.Collect$$rtentry$$00000009          0x08000188   Section        0  __rtentry2.o(.ARM.Collect$$rtentry$$00000009)
    .ARM.Collect$$rtentry$$0000000A          0x08000188   Section        4  __rtentry2.o(.ARM.Collect$$rtentry$$0000000A)
    .ARM.Collect$$rtentry$$0000000C          0x0800018c   Section        0  __rtentry2.o(.ARM.Collect$$rtentry$$0000000C)
    .ARM.Collect$$rtentry$$0000000D          0x0800018c   Section        8  __rtentry2.o(.ARM.Collect$$rtentry$$0000000D)
    .ARM.Collect$$rtexit$$00000000           0x08000194   Section        2  rtexit.o(.ARM.Collect$$rtexit$$00000000)
    .ARM.Collect$$rtexit$$00000002           0x08000196   Section        0  rtexit2.o(.ARM.Collect$$rtexit$$00000002)
    .ARM.Collect$$rtexit$$00000003           0x08000196   Section        4  rtexit2.o(.ARM.Collect$$rtexit$$00000003)
    .ARM.Collect$$rtexit$$00000004           0x0800019a   Section        6  rtexit2.o(.ARM.Collect$$rtexit$$00000004)
    .text                                    0x080001a0   Section       64  startup_stm32f10x_md.o(.text)
    .text                                    0x080001e0   Section        0  noretval__2sprintf.o(.text)
    .text                                    0x08000208   Section        0  __printf_wp.o(.text)
    .text                                    0x08000316   Section        0  heapauxi.o(.text)
    .text                                    0x0800031c   Section        0  _printf_fp_dec.o(.text)
    _fp_digits                               0x0800031f   Thumb Code   432  _printf_fp_dec.o(.text)
    .text                                    0x0800073c   Section        0  _printf_char_common.o(.text)
    _printf_input_char                       0x0800073d   Thumb Code    10  _printf_char_common.o(.text)
    .text                                    0x0800076c   Section        0  _sputc.o(.text)
    .text                                    0x08000778   Section        8  rt_locale_intlibspace.o(.text)
    .text                                    0x08000780   Section      138  lludiv10.o(.text)
    .text                                    0x0800080c   Section        0  _printf_fp_infnan.o(.text)
    .text                                    0x0800088c   Section        0  bigflt0.o(.text)
    .text                                    0x08000970   Section        8  libspace.o(.text)
    .text                                    0x08000978   Section       74  sys_stackheap_outer.o(.text)
    .text                                    0x080009c2   Section        0  exit.o(.text)
    .text                                    0x080009d4   Section      128  strcmpv7m.o(.text)
    .text                                    0x08000a54   Section        0  sys_exit.o(.text)
    .text                                    0x08000a60   Section        2  use_no_semi.o(.text)
    .text                                    0x08000a62   Section        0  indicate_semi.o(.text)
    CL$$btod_d2e                             0x08000a62   Section       62  btod.o(CL$$btod_d2e)
    CL$$btod_d2e_denorm_low                  0x08000aa0   Section       70  btod.o(CL$$btod_d2e_denorm_low)
    CL$$btod_d2e_norm_op1                    0x08000ae6   Section       96  btod.o(CL$$btod_d2e_norm_op1)
    CL$$btod_div_common                      0x08000b46   Section      824  btod.o(CL$$btod_div_common)
    CL$$btod_e2e                             0x08000e7e   Section      220  btod.o(CL$$btod_e2e)
    CL$$btod_ediv                            0x08000f5a   Section       42  btod.o(CL$$btod_ediv)
    CL$$btod_emul                            0x08000f84   Section       42  btod.o(CL$$btod_emul)
    CL$$btod_mult_common                     0x08000fae   Section      580  btod.o(CL$$btod_mult_common)
    i.DHT11_Init                             0x080011f2   Section        0  dht11.o(i.DHT11_Init)
    i.DHT11_Read                             0x080011f8   Section        0  dht11.o(i.DHT11_Read)
    DHT11_Read                               0x080011f9   Thumb Code   180  dht11.o(i.DHT11_Read)
    i.DHT11_ReadHumi                         0x080012b0   Section        0  dht11.o(i.DHT11_ReadHumi)
    i.DHT11_ReadTemp                         0x080012b8   Section        0  dht11.o(i.DHT11_ReadTemp)
    i.DHT11_SetPinIn                         0x08001360   Section        0  dht11.o(i.DHT11_SetPinIn)
    DHT11_SetPinIn                           0x08001361   Thumb Code    38  dht11.o(i.DHT11_SetPinIn)
    i.DHT11_SetPinOut                        0x0800138c   Section        0  dht11.o(i.DHT11_SetPinOut)
    DHT11_SetPinOut                          0x0800138d   Thumb Code    44  dht11.o(i.DHT11_SetPinOut)
    i.DHT11_Start                            0x080013bc   Section        0  dht11.o(i.DHT11_Start)
    DHT11_Start                              0x080013bd   Thumb Code   268  dht11.o(i.DHT11_Start)
    i.GPIO_Config                            0x080014cc   Section        0  gpio.o(i.GPIO_Config)
    i.GPIO_Init                              0x08001530   Section        0  stm32f10x_gpio.o(i.GPIO_Init)
    i.GPIO_ReadInputDataBit                  0x08001646   Section        0  stm32f10x_gpio.o(i.GPIO_ReadInputDataBit)
    i.GPIO_WriteBit                          0x08001658   Section        0  stm32f10x_gpio.o(i.GPIO_WriteBit)
    i.RCC_APB1PeriphClockCmd                 0x08001664   Section        0  stm32f10x_rcc.o(i.RCC_APB1PeriphClockCmd)
    i.RCC_APB2PeriphClockCmd                 0x08001684   Section        0  stm32f10x_rcc.o(i.RCC_APB2PeriphClockCmd)
    i.RCC_GetClocksFreq                      0x080016a4   Section        0  stm32f10x_rcc.o(i.RCC_GetClocksFreq)
    i.SetSysClock                            0x08001778   Section        0  system_stm32f10x.o(i.SetSysClock)
    SetSysClock                              0x08001779   Thumb Code     8  system_stm32f10x.o(i.SetSysClock)
    i.SetSysClockTo72                        0x08001780   Section        0  system_stm32f10x.o(i.SetSysClockTo72)
    SetSysClockTo72                          0x08001781   Thumb Code   214  system_stm32f10x.o(i.SetSysClockTo72)
    i.SystemInit                             0x08001860   Section        0  system_stm32f10x.o(i.SystemInit)
    i.TIM2_Config                            0x080018c0   Section        0  delay_tim.o(i.TIM2_Config)
    i.TIM_Cmd                                0x0800190c   Section        0  stm32f10x_tim.o(i.TIM_Cmd)
    i.TIM_GetCounter                         0x08001924   Section        0  stm32f10x_tim.o(i.TIM_GetCounter)
    i.TIM_SetCounter                         0x0800192a   Section        0  stm32f10x_tim.o(i.TIM_SetCounter)
    i.TIM_TimeBaseInit                       0x08001930   Section        0  stm32f10x_tim.o(i.TIM_TimeBaseInit)
    i.UART1_config                           0x080019d4   Section        0  uart.o(i.UART1_config)
    i.UART_SendChar                          0x08001a14   Section        0  uart.o(i.UART_SendChar)
    i.UART_SendString                        0x08001a34   Section        0  uart.o(i.UART_SendString)
    i.USART_Cmd                              0x08001a4a   Section        0  stm32f10x_usart.o(i.USART_Cmd)
    i.USART_GetFlagStatus                    0x08001a62   Section        0  stm32f10x_usart.o(i.USART_GetFlagStatus)
    i.USART_Init                             0x08001a7c   Section        0  stm32f10x_usart.o(i.USART_Init)
    i.USART_SendData                         0x08001b54   Section        0  stm32f10x_usart.o(i.USART_SendData)
    i.__ARM_fpclassify                       0x08001b5c   Section        0  fpclassify.o(i.__ARM_fpclassify)
    i._is_digit                              0x08001b84   Section        0  __printf_wp.o(i._is_digit)
    i.delay_ms                               0x08001b92   Section        0  delay_tim.o(i.delay_ms)
    i.main                                   0x08001bc0   Section        0  main.o(i.main)
    locale$$code                             0x08001c8c   Section       44  lc_numeric_c.o(locale$$code)
    x$fpl$d2f                                0x08001cb8   Section       98  d2f.o(x$fpl$d2f)
    x$fpl$dadd                               0x08001d1c   Section      336  daddsub_clz.o(x$fpl$dadd)
    _dadd1                                   0x08001d2d   Thumb Code     0  daddsub_clz.o(x$fpl$dadd)
    x$fpl$ddiv                               0x08001e6c   Section      688  ddiv.o(x$fpl$ddiv)
    ddiv_entry                               0x08001e73   Thumb Code     0  ddiv.o(x$fpl$ddiv)
    x$fpl$dfltu                              0x0800211c   Section       38  dflt_clz.o(x$fpl$dfltu)
    x$fpl$dnaninf                            0x08002142   Section      156  dnaninf.o(x$fpl$dnaninf)
    x$fpl$dretinf                            0x080021de   Section       12  dretinf.o(x$fpl$dretinf)
    x$fpl$dsub                               0x080021ec   Section      468  daddsub_clz.o(x$fpl$dsub)
    _dsub1                                   0x080021fd   Thumb Code     0  daddsub_clz.o(x$fpl$dsub)
    x$fpl$f2d                                0x080023c0   Section       86  f2d.o(x$fpl$f2d)
    x$fpl$ffltu                              0x08002418   Section       38  fflt_clz.o(x$fpl$ffltu)
    x$fpl$fnaninf                            0x0800243e   Section      140  fnaninf.o(x$fpl$fnaninf)
    x$fpl$fretinf                            0x080024ca   Section       10  fretinf.o(x$fpl$fretinf)
    x$fpl$printf1                            0x080024d4   Section        4  printf1.o(x$fpl$printf1)
    .constdata                               0x080024d8   Section      148  bigflt0.o(.constdata)
    x$fpl$usenofp                            0x080024d8   Section        0  usenofp.o(x$fpl$usenofp)
    tenpwrs_x                                0x080024d8   Data          60  bigflt0.o(.constdata)
    tenpwrs_i                                0x08002514   Data          64  bigflt0.o(.constdata)
    locale$$data                             0x0800258c   Section       28  lc_numeric_c.o(locale$$data)
    __lcnum_c_name                           0x08002590   Data           2  lc_numeric_c.o(locale$$data)
    __lcnum_c_start                          0x08002598   Data           0  lc_numeric_c.o(locale$$data)
    __lcnum_c_point                          0x080025a4   Data           0  lc_numeric_c.o(locale$$data)
    __lcnum_c_thousands                      0x080025a6   Data           0  lc_numeric_c.o(locale$$data)
    __lcnum_c_grouping                       0x080025a7   Data           0  lc_numeric_c.o(locale$$data)
    __lcnum_c_end                            0x080025a8   Data           0  lc_numeric_c.o(locale$$data)
    .data                                    0x20000000   Section        2  dht11.o(.data)
    .data                                    0x20000004   Section       24  main.o(.data)
    .data                                    0x2000001c   Section       20  stm32f10x_rcc.o(.data)
    APBAHBPrescTable                         0x2000001c   Data          16  stm32f10x_rcc.o(.data)
    ADCPrescTable                            0x2000002c   Data           4  stm32f10x_rcc.o(.data)
    .data                                    0x20000030   Section       20  system_stm32f10x.o(.data)
    .bss                                     0x20000044   Section       16  main.o(.bss)
    .bss                                     0x20000054   Section       96  libspace.o(.bss)
    HEAP                                     0x200000b8   Section      512  startup_stm32f10x_md.o(HEAP)
    Heap_Mem                                 0x200000b8   Data         512  startup_stm32f10x_md.o(HEAP)
    STACK                                    0x200002b8   Section     1024  startup_stm32f10x_md.o(STACK)
    Stack_Mem                                0x200002b8   Data        1024  startup_stm32f10x_md.o(STACK)
    __initial_sp                             0x200006b8   Data           0  startup_stm32f10x_md.o(STACK)

    Global Symbols

    Symbol Name                              Value     Ov Type        Size  Object(Section)

    BuildAttributes$$THM_ISAv4$P$D$K$B$S$PE$A:L22UL41UL21$X:L11$S22US41US21$IEEE1$IW$USESV6$~STKCKD$USESV7$~SHL$OTIME$ROPI$IEEEJ$EBA8$UX$STANDARDLIB$REQ8$PRES8$EABIv2 0x00000000   Number         0  anon$$obj.o ABSOLUTE
    __ARM_use_no_argv                        0x00000000   Number         0  main.o ABSOLUTE
    _printf_flags                            0x00000000   Number         0  printf_stubs.o ABSOLUTE
    _printf_return_value                     0x00000000   Number         0  printf_stubs.o ABSOLUTE
    _printf_sizespec                         0x00000000   Number         0  printf_stubs.o ABSOLUTE
    _printf_widthprec                        0x00000000   Number         0  printf_stubs.o ABSOLUTE
    __ARM_exceptions_init                     - Undefined Weak Reference
    __alloca_initialize                       - Undefined Weak Reference
    __arm_preinit_                            - Undefined Weak Reference
    __cpp_initialize__aeabi_                  - Undefined Weak Reference
    __cxa_finalize                            - Undefined Weak Reference
    __sigvec_lookup                           - Undefined Weak Reference
    _atexit_init                              - Undefined Weak Reference
    _call_atexit_fns                          - Undefined Weak Reference
    _clock_init                               - Undefined Weak Reference
    _fp_trap_init                             - Undefined Weak Reference
    _fp_trap_shutdown                         - Undefined Weak Reference
    _get_lc_collate                           - Undefined Weak Reference
    _get_lc_ctype                             - Undefined Weak Reference
    _get_lc_monetary                          - Undefined Weak Reference
    _get_lc_time                              - Undefined Weak Reference
    _getenv_init                              - Undefined Weak Reference
    _handle_redirection                       - Undefined Weak Reference
    _init_alloc                               - Undefined Weak Reference
    _init_user_alloc                          - Undefined Weak Reference
    _initio                                   - Undefined Weak Reference
    _printf_post_padding                      - Undefined Weak Reference
    _printf_pre_padding                       - Undefined Weak Reference
    _rand_init                                - Undefined Weak Reference
    _signal_finish                            - Undefined Weak Reference
    _signal_init                              - Undefined Weak Reference
    _terminate_alloc                          - Undefined Weak Reference
    _terminate_user_alloc                     - Undefined Weak Reference
    _terminateio                              - Undefined Weak Reference
    __Vectors_Size                           0x000000ec   Number         0  startup_stm32f10x_md.o ABSOLUTE
    __Vectors                                0x08000000   Data           4  startup_stm32f10x_md.o(RESET)
    __Vectors_End                            0x080000ec   Data           0  startup_stm32f10x_md.o(RESET)
    __main                                   0x080000ed   Thumb Code     8  __main.o(!!!main)
    __scatterload                            0x080000f5   Thumb Code     0  __scatter.o(!!!scatter)
    __scatterload_rt2                        0x080000f5   Thumb Code    44  __scatter.o(!!!scatter)
    __scatterload_rt2_thumb_only             0x080000f5   Thumb Code     0  __scatter.o(!!!scatter)
    __scatterload_null                       0x08000103   Thumb Code     0  __scatter.o(!!!scatter)
    __scatterload_copy                       0x08000129   Thumb Code    26  __scatter_copy.o(!!handler_copy)
    __scatterload_zeroinit                   0x08000145   Thumb Code    28  __scatter_zi.o(!!handler_zi)
    _printf_f                                0x08000161   Thumb Code     0  _printf_f.o(.ARM.Collect$$_printf_percent$$00000003)
    _printf_percent                          0x08000161   Thumb Code     0  _printf_percent.o(.ARM.Collect$$_printf_percent$$00000000)
    _printf_percent_end                      0x08000167   Thumb Code     0  _printf_percent_end.o(.ARM.Collect$$_printf_percent$$00000017)
    __rt_lib_init                            0x0800016b   Thumb Code     0  libinit.o(.ARM.Collect$$libinit$$00000000)
    __rt_lib_init_fp_1                       0x0800016d   Thumb Code     0  libinit2.o(.ARM.Collect$$libinit$$00000002)
    __rt_lib_init_heap_1                     0x0800016d   Thumb Code     0  libinit2.o(.ARM.Collect$$libinit$$0000000A)
    __rt_lib_init_lc_common                  0x0800016d   Thumb Code     0  libinit2.o(.ARM.Collect$$libinit$$0000000F)
    __rt_lib_init_preinit_1                  0x0800016d   Thumb Code     0  libinit2.o(.ARM.Collect$$libinit$$00000004)
    __rt_lib_init_rand_1                     0x0800016d   Thumb Code     0  libinit2.o(.ARM.Collect$$libinit$$0000000E)
    __rt_lib_init_user_alloc_1               0x0800016d   Thumb Code     0  libinit2.o(.ARM.Collect$$libinit$$0000000C)
    __rt_lib_init_lc_collate_1               0x08000173   Thumb Code     0  libinit2.o(.ARM.Collect$$libinit$$00000011)
    __rt_lib_init_lc_ctype_1                 0x08000173   Thumb Code     0  libinit2.o(.ARM.Collect$$libinit$$00000013)
    __rt_lib_init_lc_monetary_1              0x08000173   Thumb Code     0  libinit2.o(.ARM.Collect$$libinit$$00000015)
    __rt_lib_init_lc_numeric_2               0x08000173   Thumb Code     0  libinit2.o(.ARM.Collect$$libinit$$00000016)
    __rt_lib_init_alloca_1                   0x0800017d   Thumb Code     0  libinit2.o(.ARM.Collect$$libinit$$0000002E)
    __rt_lib_init_argv_1                     0x0800017d   Thumb Code     0  libinit2.o(.ARM.Collect$$libinit$$0000002C)
    __rt_lib_init_atexit_1                   0x0800017d   Thumb Code     0  libinit2.o(.ARM.Collect$$libinit$$0000001B)
    __rt_lib_init_clock_1                    0x0800017d   Thumb Code     0  libinit2.o(.ARM.Collect$$libinit$$00000021)
    __rt_lib_init_cpp_1                      0x0800017d   Thumb Code     0  libinit2.o(.ARM.Collect$$libinit$$00000032)
    __rt_lib_init_exceptions_1               0x0800017d   Thumb Code     0  libinit2.o(.ARM.Collect$$libinit$$00000030)
    __rt_lib_init_fp_trap_1                  0x0800017d   Thumb Code     0  libinit2.o(.ARM.Collect$$libinit$$0000001F)
    __rt_lib_init_getenv_1                   0x0800017d   Thumb Code     0  libinit2.o(.ARM.Collect$$libinit$$00000023)
    __rt_lib_init_lc_numeric_1               0x0800017d   Thumb Code     0  libinit2.o(.ARM.Collect$$libinit$$00000017)
    __rt_lib_init_lc_time_1                  0x0800017d   Thumb Code     0  libinit2.o(.ARM.Collect$$libinit$$00000019)
    __rt_lib_init_return                     0x0800017d   Thumb Code     0  libinit2.o(.ARM.Collect$$libinit$$00000033)
    __rt_lib_init_signal_1                   0x0800017d   Thumb Code     0  libinit2.o(.ARM.Collect$$libinit$$0000001D)
    __rt_lib_init_stdio_1                    0x0800017d   Thumb Code     0  libinit2.o(.ARM.Collect$$libinit$$00000025)
    __rt_lib_shutdown                        0x0800017f   Thumb Code     0  libshutdown.o(.ARM.Collect$$libshutdown$$00000000)
    __rt_lib_shutdown_cpp_1                  0x08000181   Thumb Code     0  libshutdown2.o(.ARM.Collect$$libshutdown$$00000002)
    __rt_lib_shutdown_fp_trap_1              0x08000181   Thumb Code     0  libshutdown2.o(.ARM.Collect$$libshutdown$$00000007)
    __rt_lib_shutdown_heap_1                 0x08000181   Thumb Code     0  libshutdown2.o(.ARM.Collect$$libshutdown$$0000000F)
    __rt_lib_shutdown_return                 0x08000181   Thumb Code     0  libshutdown2.o(.ARM.Collect$$libshutdown$$00000010)
    __rt_lib_shutdown_signal_1               0x08000181   Thumb Code     0  libshutdown2.o(.ARM.Collect$$libshutdown$$0000000A)
    __rt_lib_shutdown_stdio_1                0x08000181   Thumb Code     0  libshutdown2.o(.ARM.Collect$$libshutdown$$00000004)
    __rt_lib_shutdown_user_alloc_1           0x08000181   Thumb Code     0  libshutdown2.o(.ARM.Collect$$libshutdown$$0000000C)
    __rt_entry                               0x08000183   Thumb Code     0  __rtentry.o(.ARM.Collect$$rtentry$$00000000)
    __rt_entry_presh_1                       0x08000183   Thumb Code     0  __rtentry2.o(.ARM.Collect$$rtentry$$00000002)
    __rt_entry_sh                            0x08000183   Thumb Code     0  __rtentry4.o(.ARM.Collect$$rtentry$$00000004)
    __rt_entry_li                            0x08000189   Thumb Code     0  __rtentry2.o(.ARM.Collect$$rtentry$$0000000A)
    __rt_entry_postsh_1                      0x08000189   Thumb Code     0  __rtentry2.o(.ARM.Collect$$rtentry$$00000009)
    __rt_entry_main                          0x0800018d   Thumb Code     0  __rtentry2.o(.ARM.Collect$$rtentry$$0000000D)
    __rt_entry_postli_1                      0x0800018d   Thumb Code     0  __rtentry2.o(.ARM.Collect$$rtentry$$0000000C)
    __rt_exit                                0x08000195   Thumb Code     0  rtexit.o(.ARM.Collect$$rtexit$$00000000)
    __rt_exit_ls                             0x08000197   Thumb Code     0  rtexit2.o(.ARM.Collect$$rtexit$$00000003)
    __rt_exit_prels_1                        0x08000197   Thumb Code     0  rtexit2.o(.ARM.Collect$$rtexit$$00000002)
    __rt_exit_exit                           0x0800019b   Thumb Code     0  rtexit2.o(.ARM.Collect$$rtexit$$00000004)
    Reset_Handler                            0x080001a1   Thumb Code     8  startup_stm32f10x_md.o(.text)
    NMI_Handler                              0x080001a9   Thumb Code     2  startup_stm32f10x_md.o(.text)
    HardFault_Handler                        0x080001ab   Thumb Code     2  startup_stm32f10x_md.o(.text)
    MemManage_Handler                        0x080001ad   Thumb Code     2  startup_stm32f10x_md.o(.text)
    BusFault_Handler                         0x080001af   Thumb Code     2  startup_stm32f10x_md.o(.text)
    UsageFault_Handler                       0x080001b1   Thumb Code     2  startup_stm32f10x_md.o(.text)
    SVC_Handler                              0x080001b3   Thumb Code     2  startup_stm32f10x_md.o(.text)
    DebugMon_Handler                         0x080001b5   Thumb Code     2  startup_stm32f10x_md.o(.text)
    PendSV_Handler                           0x080001b7   Thumb Code     2  startup_stm32f10x_md.o(.text)
    SysTick_Handler                          0x080001b9   Thumb Code     2  startup_stm32f10x_md.o(.text)
    ADC1_2_IRQHandler                        0x080001bb   Thumb Code     0  startup_stm32f10x_md.o(.text)
    CAN1_RX1_IRQHandler                      0x080001bb   Thumb Code     0  startup_stm32f10x_md.o(.text)
    CAN1_SCE_IRQHandler                      0x080001bb   Thumb Code     0  startup_stm32f10x_md.o(.text)
    DMA1_Channel1_IRQHandler                 0x080001bb   Thumb Code     0  startup_stm32f10x_md.o(.text)
    DMA1_Channel2_IRQHandler                 0x080001bb   Thumb Code     0  startup_stm32f10x_md.o(.text)
    DMA1_Channel3_IRQHandler                 0x080001bb   Thumb Code     0  startup_stm32f10x_md.o(.text)
    DMA1_Channel4_IRQHandler                 0x080001bb   Thumb Code     0  startup_stm32f10x_md.o(.text)
    DMA1_Channel5_IRQHandler                 0x080001bb   Thumb Code     0  startup_stm32f10x_md.o(.text)
    DMA1_Channel6_IRQHandler                 0x080001bb   Thumb Code     0  startup_stm32f10x_md.o(.text)
    DMA1_Channel7_IRQHandler                 0x080001bb   Thumb Code     0  startup_stm32f10x_md.o(.text)
    EXTI0_IRQHandler                         0x080001bb   Thumb Code     0  startup_stm32f10x_md.o(.text)
    EXTI15_10_IRQHandler                     0x080001bb   Thumb Code     0  startup_stm32f10x_md.o(.text)
    EXTI1_IRQHandler                         0x080001bb   Thumb Code     0  startup_stm32f10x_md.o(.text)
    EXTI2_IRQHandler                         0x080001bb   Thumb Code     0  startup_stm32f10x_md.o(.text)
    EXTI3_IRQHandler                         0x080001bb   Thumb Code     0  startup_stm32f10x_md.o(.text)
    EXTI4_IRQHandler                         0x080001bb   Thumb Code     0  startup_stm32f10x_md.o(.text)
    EXTI9_5_IRQHandler                       0x080001bb   Thumb Code     0  startup_stm32f10x_md.o(.text)
    FLASH_IRQHandler                         0x080001bb   Thumb Code     0  startup_stm32f10x_md.o(.text)
    I2C1_ER_IRQHandler                       0x080001bb   Thumb Code     0  startup_stm32f10x_md.o(.text)
    I2C1_EV_IRQHandler                       0x080001bb   Thumb Code     0  startup_stm32f10x_md.o(.text)
    I2C2_ER_IRQHandler                       0x080001bb   Thumb Code     0  startup_stm32f10x_md.o(.text)
    I2C2_EV_IRQHandler                       0x080001bb   Thumb Code     0  startup_stm32f10x_md.o(.text)
    PVD_IRQHandler                           0x080001bb   Thumb Code     0  startup_stm32f10x_md.o(.text)
    RCC_IRQHandler                           0x080001bb   Thumb Code     0  startup_stm32f10x_md.o(.text)
    RTCAlarm_IRQHandler                      0x080001bb   Thumb Code     0  startup_stm32f10x_md.o(.text)
    RTC_IRQHandler                           0x080001bb   Thumb Code     0  startup_stm32f10x_md.o(.text)
    SPI1_IRQHandler                          0x080001bb   Thumb Code     0  startup_stm32f10x_md.o(.text)
    SPI2_IRQHandler                          0x080001bb   Thumb Code     0  startup_stm32f10x_md.o(.text)
    TAMPER_IRQHandler                        0x080001bb   Thumb Code     0  startup_stm32f10x_md.o(.text)
    TIM1_BRK_IRQHandler                      0x080001bb   Thumb Code     0  startup_stm32f10x_md.o(.text)
    TIM1_CC_IRQHandler                       0x080001bb   Thumb Code     0  startup_stm32f10x_md.o(.text)
    TIM1_TRG_COM_IRQHandler                  0x080001bb   Thumb Code     0  startup_stm32f10x_md.o(.text)
    TIM1_UP_IRQHandler                       0x080001bb   Thumb Code     0  startup_stm32f10x_md.o(.text)
    TIM2_IRQHandler                          0x080001bb   Thumb Code     0  startup_stm32f10x_md.o(.text)
    TIM3_IRQHandler                          0x080001bb   Thumb Code     0  startup_stm32f10x_md.o(.text)
    TIM4_IRQHandler                          0x080001bb   Thumb Code     0  startup_stm32f10x_md.o(.text)
    USART1_IRQHandler                        0x080001bb   Thumb Code     0  startup_stm32f10x_md.o(.text)
    USART2_IRQHandler                        0x080001bb   Thumb Code     0  startup_stm32f10x_md.o(.text)
    USART3_IRQHandler                        0x080001bb   Thumb Code     0  startup_stm32f10x_md.o(.text)
    USBWakeUp_IRQHandler                     0x080001bb   Thumb Code     0  startup_stm32f10x_md.o(.text)
    USB_HP_CAN1_TX_IRQHandler                0x080001bb   Thumb Code     0  startup_stm32f10x_md.o(.text)
    USB_LP_CAN1_RX0_IRQHandler               0x080001bb   Thumb Code     0  startup_stm32f10x_md.o(.text)
    WWDG_IRQHandler                          0x080001bb   Thumb Code     0  startup_stm32f10x_md.o(.text)
    __user_initial_stackheap                 0x080001bd   Thumb Code     0  startup_stm32f10x_md.o(.text)
    __2sprintf                               0x080001e1   Thumb Code    34  noretval__2sprintf.o(.text)
    __printf                                 0x08000209   Thumb Code   270  __printf_wp.o(.text)
    __use_two_region_memory                  0x08000317   Thumb Code     2  heapauxi.o(.text)
    __rt_heap_escrow$2region                 0x08000319   Thumb Code     2  heapauxi.o(.text)
    __rt_heap_expand$2region                 0x0800031b   Thumb Code     2  heapauxi.o(.text)
    __lib_sel_fp_printf                      0x0800031d   Thumb Code     2  _printf_fp_dec.o(.text)
    _printf_fp_dec_real                      0x080004cf   Thumb Code   620  _printf_fp_dec.o(.text)
    _printf_char_common                      0x08000747   Thumb Code    32  _printf_char_common.o(.text)
    _sputc                                   0x0800076d   Thumb Code    10  _sputc.o(.text)
    __rt_locale                              0x08000779   Thumb Code     8  rt_locale_intlibspace.o(.text)
    _ll_udiv10                               0x08000781   Thumb Code   138  lludiv10.o(.text)
    _printf_fp_infnan                        0x0800080d   Thumb Code   112  _printf_fp_infnan.o(.text)
    _btod_etento                             0x0800088d   Thumb Code   224  bigflt0.o(.text)
    __user_libspace                          0x08000971   Thumb Code     8  libspace.o(.text)
    __user_perproc_libspace                  0x08000971   Thumb Code     0  libspace.o(.text)
    __user_perthread_libspace                0x08000971   Thumb Code     0  libspace.o(.text)
    __user_setup_stackheap                   0x08000979   Thumb Code    74  sys_stackheap_outer.o(.text)
    exit                                     0x080009c3   Thumb Code    18  exit.o(.text)
    strcmp                                   0x080009d5   Thumb Code   128  strcmpv7m.o(.text)
    _sys_exit                                0x08000a55   Thumb Code     8  sys_exit.o(.text)
    __I$use$semihosting                      0x08000a61   Thumb Code     0  use_no_semi.o(.text)
    __use_no_semihosting_swi                 0x08000a61   Thumb Code     2  use_no_semi.o(.text)
    __semihosting_library_function           0x08000a63   Thumb Code     0  indicate_semi.o(.text)
    _btod_d2e                                0x08000a63   Thumb Code    62  btod.o(CL$$btod_d2e)
    _d2e_denorm_low                          0x08000aa1   Thumb Code    70  btod.o(CL$$btod_d2e_denorm_low)
    _d2e_norm_op1                            0x08000ae7   Thumb Code    96  btod.o(CL$$btod_d2e_norm_op1)
    __btod_div_common                        0x08000b47   Thumb Code   696  btod.o(CL$$btod_div_common)
    _e2e                                     0x08000e7f   Thumb Code   220  btod.o(CL$$btod_e2e)
    _btod_ediv                               0x08000f5b   Thumb Code    42  btod.o(CL$$btod_ediv)
    _btod_emul                               0x08000f85   Thumb Code    42  btod.o(CL$$btod_emul)
    __btod_mult_common                       0x08000faf   Thumb Code   580  btod.o(CL$$btod_mult_common)
    DHT11_Init                               0x080011f3   Thumb Code     6  dht11.o(i.DHT11_Init)
    DHT11_ReadHumi                           0x080012b1   Thumb Code     6  dht11.o(i.DHT11_ReadHumi)
    DHT11_ReadTemp                           0x080012b9   Thumb Code   162  dht11.o(i.DHT11_ReadTemp)
    GPIO_Config                              0x080014cd   Thumb Code    92  gpio.o(i.GPIO_Config)
    GPIO_Init                                0x08001531   Thumb Code   278  stm32f10x_gpio.o(i.GPIO_Init)
    GPIO_ReadInputDataBit                    0x08001647   Thumb Code    18  stm32f10x_gpio.o(i.GPIO_ReadInputDataBit)
    GPIO_WriteBit                            0x08001659   Thumb Code    10  stm32f10x_gpio.o(i.GPIO_WriteBit)
    RCC_APB1PeriphClockCmd                   0x08001665   Thumb Code    26  stm32f10x_rcc.o(i.RCC_APB1PeriphClockCmd)
    RCC_APB2PeriphClockCmd                   0x08001685   Thumb Code    26  stm32f10x_rcc.o(i.RCC_APB2PeriphClockCmd)
    RCC_GetClocksFreq                        0x080016a5   Thumb Code   192  stm32f10x_rcc.o(i.RCC_GetClocksFreq)
    SystemInit                               0x08001861   Thumb Code    78  system_stm32f10x.o(i.SystemInit)
    TIM2_Config                              0x080018c1   Thumb Code    66  delay_tim.o(i.TIM2_Config)
    TIM_Cmd                                  0x0800190d   Thumb Code    24  stm32f10x_tim.o(i.TIM_Cmd)
    TIM_GetCounter                           0x08001925   Thumb Code     6  stm32f10x_tim.o(i.TIM_GetCounter)
    TIM_SetCounter                           0x0800192b   Thumb Code     4  stm32f10x_tim.o(i.TIM_SetCounter)
    TIM_TimeBaseInit                         0x08001931   Thumb Code   122  stm32f10x_tim.o(i.TIM_TimeBaseInit)
    UART1_config                             0x080019d5   Thumb Code    58  uart.o(i.UART1_config)
    UART_SendChar                            0x08001a15   Thumb Code    28  uart.o(i.UART_SendChar)
    UART_SendString                          0x08001a35   Thumb Code    22  uart.o(i.UART_SendString)
    USART_Cmd                                0x08001a4b   Thumb Code    24  stm32f10x_usart.o(i.USART_Cmd)
    USART_GetFlagStatus                      0x08001a63   Thumb Code    26  stm32f10x_usart.o(i.USART_GetFlagStatus)
    USART_Init                               0x08001a7d   Thumb Code   210  stm32f10x_usart.o(i.USART_Init)
    USART_SendData                           0x08001b55   Thumb Code     8  stm32f10x_usart.o(i.USART_SendData)
    __ARM_fpclassify                         0x08001b5d   Thumb Code    40  fpclassify.o(i.__ARM_fpclassify)
    _is_digit                                0x08001b85   Thumb Code    14  __printf_wp.o(i._is_digit)
    delay_ms                                 0x08001b93   Thumb Code    44  delay_tim.o(i.delay_ms)
    main                                     0x08001bc1   Thumb Code   140  main.o(i.main)
    _get_lc_numeric                          0x08001c8d   Thumb Code    44  lc_numeric_c.o(locale$$code)
    __aeabi_d2f                              0x08001cb9   Thumb Code     0  d2f.o(x$fpl$d2f)
    _d2f                                     0x08001cb9   Thumb Code    98  d2f.o(x$fpl$d2f)
    __aeabi_dadd                             0x08001d1d   Thumb Code     0  daddsub_clz.o(x$fpl$dadd)
    _dadd                                    0x08001d1d   Thumb Code   332  daddsub_clz.o(x$fpl$dadd)
    __aeabi_ddiv                             0x08001e6d   Thumb Code     0  ddiv.o(x$fpl$ddiv)
    _ddiv                                    0x08001e6d   Thumb Code   552  ddiv.o(x$fpl$ddiv)
    __aeabi_ui2d                             0x0800211d   Thumb Code     0  dflt_clz.o(x$fpl$dfltu)
    _dfltu                                   0x0800211d   Thumb Code    38  dflt_clz.o(x$fpl$dfltu)
    __fpl_dnaninf                            0x08002143   Thumb Code   156  dnaninf.o(x$fpl$dnaninf)
    __fpl_dretinf                            0x080021df   Thumb Code    12  dretinf.o(x$fpl$dretinf)
    __aeabi_dsub                             0x080021ed   Thumb Code     0  daddsub_clz.o(x$fpl$dsub)
    _dsub                                    0x080021ed   Thumb Code   464  daddsub_clz.o(x$fpl$dsub)
    __aeabi_f2d                              0x080023c1   Thumb Code     0  f2d.o(x$fpl$f2d)
    _f2d                                     0x080023c1   Thumb Code    86  f2d.o(x$fpl$f2d)
    __aeabi_ui2f                             0x08002419   Thumb Code     0  fflt_clz.o(x$fpl$ffltu)
    _ffltu                                   0x08002419   Thumb Code    38  fflt_clz.o(x$fpl$ffltu)
    __fpl_fnaninf                            0x0800243f   Thumb Code   140  fnaninf.o(x$fpl$fnaninf)
    __fpl_fretinf                            0x080024cb   Thumb Code    10  fretinf.o(x$fpl$fretinf)
    _printf_fp_dec                           0x080024d5   Thumb Code     4  printf1.o(x$fpl$printf1)
    __I$use$fp                               0x080024d8   Number         0  usenofp.o(x$fpl$usenofp)
    Region$$Table$$Base                      0x0800256c   Number         0  anon$$obj.o(Region$$Table)
    Region$$Table$$Limit                     0x0800258c   Number         0  anon$$obj.o(Region$$Table)
    time                                     0x20000000   Data           2  dht11.o(.data)
    Temp                                     0x20000004   Data           4  main.o(.data)
    Humi                                     0x20000008   Data           4  main.o(.data)
    Tempstring                               0x2000000c   Data           8  main.o(.data)
    Humistring                               0x20000014   Data           8  main.o(.data)
    SystemCoreClock                          0x20000030   Data           4  system_stm32f10x.o(.data)
    AHBPrescTable                            0x20000034   Data          16  system_stm32f10x.o(.data)
    DHT11                                    0x20000044   Data          16  main.o(.bss)
    __libspace_start                         0x20000054   Data          96  libspace.o(.bss)
    __temporary_stack_top$libspace           0x200000b4   Data           0  libspace.o(.bss)



==============================================================================

Memory Map of the image

  Image Entry point : 0x080000ed

  Load Region LR_IROM1 (Base: 0x08000000, Size: 0x000025ec, Max: 0x00010000, ABSOLUTE)

    Execution Region ER_IROM1 (Exec base: 0x08000000, Load base: 0x08000000, Size: 0x000025a8, Max: 0x00010000, ABSOLUTE)

    Exec Addr    Load Addr    Size         Type   Attr      Idx    E Section Name        Object

    0x08000000   0x08000000   0x000000ec   Data   RO         1387    RESET               startup_stm32f10x_md.o
    0x080000ec   0x080000ec   0x00000008   Code   RO         1470  * !!!main             c_w.l(__main.o)
    0x080000f4   0x080000f4   0x00000034   Code   RO         1716    !!!scatter          c_w.l(__scatter.o)
    0x08000128   0x08000128   0x0000001a   Code   RO         1718    !!handler_copy      c_w.l(__scatter_copy.o)
    0x08000142   0x08000142   0x00000002   PAD
    0x08000144   0x08000144   0x0000001c   Code   RO         1720    !!handler_zi        c_w.l(__scatter_zi.o)
    0x08000160   0x08000160   0x00000000   Code   RO         1467    .ARM.Collect$$_printf_percent$$00000000  c_w.l(_printf_percent.o)
    0x08000160   0x08000160   0x00000006   Code   RO         1466    .ARM.Collect$$_printf_percent$$00000003  c_w.l(_printf_f.o)
    0x08000166   0x08000166   0x00000004   Code   RO         1507    .ARM.Collect$$_printf_percent$$00000017  c_w.l(_printf_percent_end.o)
    0x0800016a   0x0800016a   0x00000002   Code   RO         1589    .ARM.Collect$$libinit$$00000000  c_w.l(libinit.o)
    0x0800016c   0x0800016c   0x00000000   Code   RO         1591    .ARM.Collect$$libinit$$00000002  c_w.l(libinit2.o)
    0x0800016c   0x0800016c   0x00000000   Code   RO         1593    .ARM.Collect$$libinit$$00000004  c_w.l(libinit2.o)
    0x0800016c   0x0800016c   0x00000000   Code   RO         1596    .ARM.Collect$$libinit$$0000000A  c_w.l(libinit2.o)
    0x0800016c   0x0800016c   0x00000000   Code   RO         1598    .ARM.Collect$$libinit$$0000000C  c_w.l(libinit2.o)
    0x0800016c   0x0800016c   0x00000000   Code   RO         1600    .ARM.Collect$$libinit$$0000000E  c_w.l(libinit2.o)
    0x0800016c   0x0800016c   0x00000006   Code   RO         1601    .ARM.Collect$$libinit$$0000000F  c_w.l(libinit2.o)
    0x08000172   0x08000172   0x00000000   Code   RO         1603    .ARM.Collect$$libinit$$00000011  c_w.l(libinit2.o)
    0x08000172   0x08000172   0x00000000   Code   RO         1605    .ARM.Collect$$libinit$$00000013  c_w.l(libinit2.o)
    0x08000172   0x08000172   0x00000000   Code   RO         1607    .ARM.Collect$$libinit$$00000015  c_w.l(libinit2.o)
    0x08000172   0x08000172   0x0000000a   Code   RO         1608    .ARM.Collect$$libinit$$00000016  c_w.l(libinit2.o)
    0x0800017c   0x0800017c   0x00000000   Code   RO         1609    .ARM.Collect$$libinit$$00000017  c_w.l(libinit2.o)
    0x0800017c   0x0800017c   0x00000000   Code   RO         1611    .ARM.Collect$$libinit$$00000019  c_w.l(libinit2.o)
    0x0800017c   0x0800017c   0x00000000   Code   RO         1613    .ARM.Collect$$libinit$$0000001B  c_w.l(libinit2.o)
    0x0800017c   0x0800017c   0x00000000   Code   RO         1615    .ARM.Collect$$libinit$$0000001D  c_w.l(libinit2.o)
    0x0800017c   0x0800017c   0x00000000   Code   RO         1617    .ARM.Collect$$libinit$$0000001F  c_w.l(libinit2.o)
    0x0800017c   0x0800017c   0x00000000   Code   RO         1619    .ARM.Collect$$libinit$$00000021  c_w.l(libinit2.o)
    0x0800017c   0x0800017c   0x00000000   Code   RO         1621    .ARM.Collect$$libinit$$00000023  c_w.l(libinit2.o)
    0x0800017c   0x0800017c   0x00000000   Code   RO         1623    .ARM.Collect$$libinit$$00000025  c_w.l(libinit2.o)
    0x0800017c   0x0800017c   0x00000000   Code   RO         1627    .ARM.Collect$$libinit$$0000002C  c_w.l(libinit2.o)
    0x0800017c   0x0800017c   0x00000000   Code   RO         1629    .ARM.Collect$$libinit$$0000002E  c_w.l(libinit2.o)
    0x0800017c   0x0800017c   0x00000000   Code   RO         1631    .ARM.Collect$$libinit$$00000030  c_w.l(libinit2.o)
    0x0800017c   0x0800017c   0x00000000   Code   RO         1633    .ARM.Collect$$libinit$$00000032  c_w.l(libinit2.o)
    0x0800017c   0x0800017c   0x00000002   Code   RO         1634    .ARM.Collect$$libinit$$00000033  c_w.l(libinit2.o)
    0x0800017e   0x0800017e   0x00000002   Code   RO         1664    .ARM.Collect$$libshutdown$$00000000  c_w.l(libshutdown.o)
    0x08000180   0x08000180   0x00000000   Code   RO         1675    .ARM.Collect$$libshutdown$$00000002  c_w.l(libshutdown2.o)
    0x08000180   0x08000180   0x00000000   Code   RO         1677    .ARM.Collect$$libshutdown$$00000004  c_w.l(libshutdown2.o)
    0x08000180   0x08000180   0x00000000   Code   RO         1680    .ARM.Collect$$libshutdown$$00000007  c_w.l(libshutdown2.o)
    0x08000180   0x08000180   0x00000000   Code   RO         1683    .ARM.Collect$$libshutdown$$0000000A  c_w.l(libshutdown2.o)
    0x08000180   0x08000180   0x00000000   Code   RO         1685    .ARM.Collect$$libshutdown$$0000000C  c_w.l(libshutdown2.o)
    0x08000180   0x08000180   0x00000000   Code   RO         1688    .ARM.Collect$$libshutdown$$0000000F  c_w.l(libshutdown2.o)
    0x08000180   0x08000180   0x00000002   Code   RO         1689    .ARM.Collect$$libshutdown$$00000010  c_w.l(libshutdown2.o)
    0x08000182   0x08000182   0x00000000   Code   RO         1500    .ARM.Collect$$rtentry$$00000000  c_w.l(__rtentry.o)
    0x08000182   0x08000182   0x00000000   Code   RO         1518    .ARM.Collect$$rtentry$$00000002  c_w.l(__rtentry2.o)
    0x08000182   0x08000182   0x00000006   Code   RO         1530    .ARM.Collect$$rtentry$$00000004  c_w.l(__rtentry4.o)
    0x08000188   0x08000188   0x00000000   Code   RO         1520    .ARM.Collect$$rtentry$$00000009  c_w.l(__rtentry2.o)
    0x08000188   0x08000188   0x00000004   Code   RO         1521    .ARM.Collect$$rtentry$$0000000A  c_w.l(__rtentry2.o)
    0x0800018c   0x0800018c   0x00000000   Code   RO         1523    .ARM.Collect$$rtentry$$0000000C  c_w.l(__rtentry2.o)
    0x0800018c   0x0800018c   0x00000008   Code   RO         1524    .ARM.Collect$$rtentry$$0000000D  c_w.l(__rtentry2.o)
    0x08000194   0x08000194   0x00000002   Code   RO         1635    .ARM.Collect$$rtexit$$00000000  c_w.l(rtexit.o)
    0x08000196   0x08000196   0x00000000   Code   RO         1642    .ARM.Collect$$rtexit$$00000002  c_w.l(rtexit2.o)
    0x08000196   0x08000196   0x00000004   Code   RO         1643    .ARM.Collect$$rtexit$$00000003  c_w.l(rtexit2.o)
    0x0800019a   0x0800019a   0x00000006   Code   RO         1644    .ARM.Collect$$rtexit$$00000004  c_w.l(rtexit2.o)
    0x080001a0   0x080001a0   0x00000040   Code   RO         1388    .text               startup_stm32f10x_md.o
    0x080001e0   0x080001e0   0x00000028   Code   RO         1442    .text               c_w.l(noretval__2sprintf.o)
    0x08000208   0x08000208   0x0000010e   Code   RO         1454    .text               c_w.l(__printf_wp.o)
    0x08000316   0x08000316   0x00000006   Code   RO         1468    .text               c_w.l(heapauxi.o)
    0x0800031c   0x0800031c   0x0000041e   Code   RO         1501    .text               c_w.l(_printf_fp_dec.o)
    0x0800073a   0x0800073a   0x00000002   PAD
    0x0800073c   0x0800073c   0x00000030   Code   RO         1503    .text               c_w.l(_printf_char_common.o)
    0x0800076c   0x0800076c   0x0000000a   Code   RO         1505    .text               c_w.l(_sputc.o)
    0x08000776   0x08000776   0x00000002   PAD
    0x08000778   0x08000778   0x00000008   Code   RO         1535    .text               c_w.l(rt_locale_intlibspace.o)
    0x08000780   0x08000780   0x0000008a   Code   RO         1537    .text               c_w.l(lludiv10.o)
    0x0800080a   0x0800080a   0x00000002   PAD
    0x0800080c   0x0800080c   0x00000080   Code   RO         1539    .text               c_w.l(_printf_fp_infnan.o)
    0x0800088c   0x0800088c   0x000000e4   Code   RO         1543    .text               c_w.l(bigflt0.o)
    0x08000970   0x08000970   0x00000008   Code   RO         1575    .text               c_w.l(libspace.o)
    0x08000978   0x08000978   0x0000004a   Code   RO         1578    .text               c_w.l(sys_stackheap_outer.o)
    0x080009c2   0x080009c2   0x00000012   Code   RO         1580    .text               c_w.l(exit.o)
    0x080009d4   0x080009d4   0x00000080   Code   RO         1582    .text               c_w.l(strcmpv7m.o)
    0x08000a54   0x08000a54   0x0000000c   Code   RO         1654    .text               c_w.l(sys_exit.o)
    0x08000a60   0x08000a60   0x00000002   Code   RO         1665    .text               c_w.l(use_no_semi.o)
    0x08000a62   0x08000a62   0x00000000   Code   RO         1667    .text               c_w.l(indicate_semi.o)
    0x08000a62   0x08000a62   0x0000003e   Code   RO         1546    CL$$btod_d2e        c_w.l(btod.o)
    0x08000aa0   0x08000aa0   0x00000046   Code   RO         1548    CL$$btod_d2e_denorm_low  c_w.l(btod.o)
    0x08000ae6   0x08000ae6   0x00000060   Code   RO         1547    CL$$btod_d2e_norm_op1  c_w.l(btod.o)
    0x08000b46   0x08000b46   0x00000338   Code   RO         1556    CL$$btod_div_common  c_w.l(btod.o)
    0x08000e7e   0x08000e7e   0x000000dc   Code   RO         1553    CL$$btod_e2e        c_w.l(btod.o)
    0x08000f5a   0x08000f5a   0x0000002a   Code   RO         1550    CL$$btod_ediv       c_w.l(btod.o)
    0x08000f84   0x08000f84   0x0000002a   Code   RO         1549    CL$$btod_emul       c_w.l(btod.o)
    0x08000fae   0x08000fae   0x00000244   Code   RO         1555    CL$$btod_mult_common  c_w.l(btod.o)
    0x080011f2   0x080011f2   0x00000006   Code   RO           90    i.DHT11_Init        dht11.o
    0x080011f8   0x080011f8   0x000000b8   Code   RO           91    i.DHT11_Read        dht11.o
    0x080012b0   0x080012b0   0x00000006   Code   RO           92    i.DHT11_ReadHumi    dht11.o
    0x080012b6   0x080012b6   0x00000002   PAD
    0x080012b8   0x080012b8   0x000000a8   Code   RO           93    i.DHT11_ReadTemp    dht11.o
    0x08001360   0x08001360   0x0000002c   Code   RO           94    i.DHT11_SetPinIn    dht11.o
    0x0800138c   0x0800138c   0x00000030   Code   RO           95    i.DHT11_SetPinOut   dht11.o
    0x080013bc   0x080013bc   0x00000110   Code   RO           96    i.DHT11_Start       dht11.o
    0x080014cc   0x080014cc   0x00000064   Code   RO          152    i.GPIO_Config       gpio.o
    0x08001530   0x08001530   0x00000116   Code   RO          304    i.GPIO_Init         stm32f10x_gpio.o
    0x08001646   0x08001646   0x00000012   Code   RO          308    i.GPIO_ReadInputDataBit  stm32f10x_gpio.o
    0x08001658   0x08001658   0x0000000a   Code   RO          315    i.GPIO_WriteBit     stm32f10x_gpio.o
    0x08001662   0x08001662   0x00000002   PAD
    0x08001664   0x08001664   0x00000020   Code   RO          426    i.RCC_APB1PeriphClockCmd  stm32f10x_rcc.o
    0x08001684   0x08001684   0x00000020   Code   RO          428    i.RCC_APB2PeriphClockCmd  stm32f10x_rcc.o
    0x080016a4   0x080016a4   0x000000d4   Code   RO          436    i.RCC_GetClocksFreq  stm32f10x_rcc.o
    0x08001778   0x08001778   0x00000008   Code   RO         1395    i.SetSysClock       system_stm32f10x.o
    0x08001780   0x08001780   0x000000e0   Code   RO         1396    i.SetSysClockTo72   system_stm32f10x.o
    0x08001860   0x08001860   0x00000060   Code   RO         1398    i.SystemInit        system_stm32f10x.o
    0x080018c0   0x080018c0   0x0000004c   Code   RO            4    i.TIM2_Config       delay_tim.o
    0x0800190c   0x0800190c   0x00000018   Code   RO          652    i.TIM_Cmd           stm32f10x_tim.o
    0x08001924   0x08001924   0x00000006   Code   RO          671    i.TIM_GetCounter    stm32f10x_tim.o
    0x0800192a   0x0800192a   0x00000004   Code   RO          717    i.TIM_SetCounter    stm32f10x_tim.o
    0x0800192e   0x0800192e   0x00000002   PAD
    0x08001930   0x08001930   0x000000a4   Code   RO          723    i.TIM_TimeBaseInit  stm32f10x_tim.o
    0x080019d4   0x080019d4   0x00000040   Code   RO          214    i.UART1_config      uart.o
    0x08001a14   0x08001a14   0x00000020   Code   RO          215    i.UART_SendChar     uart.o
    0x08001a34   0x08001a34   0x00000016   Code   RO          216    i.UART_SendString   uart.o
    0x08001a4a   0x08001a4a   0x00000018   Code   RO         1200    i.USART_Cmd         stm32f10x_usart.o
    0x08001a62   0x08001a62   0x0000001a   Code   RO         1203    i.USART_GetFlagStatus  stm32f10x_usart.o
    0x08001a7c   0x08001a7c   0x000000d8   Code   RO         1207    i.USART_Init        stm32f10x_usart.o
    0x08001b54   0x08001b54   0x00000008   Code   RO         1217    i.USART_SendData    stm32f10x_usart.o
    0x08001b5c   0x08001b5c   0x00000028   Code   RO         1573    i.__ARM_fpclassify  m_ws.l(fpclassify.o)
    0x08001b84   0x08001b84   0x0000000e   Code   RO         1456    i._is_digit         c_w.l(__printf_wp.o)
    0x08001b92   0x08001b92   0x0000002c   Code   RO            5    i.delay_ms          delay_tim.o
    0x08001bbe   0x08001bbe   0x00000002   PAD
    0x08001bc0   0x08001bc0   0x000000cc   Code   RO          176    i.main              main.o
    0x08001c8c   0x08001c8c   0x0000002c   Code   RO         1569    locale$$code        c_w.l(lc_numeric_c.o)
    0x08001cb8   0x08001cb8   0x00000062   Code   RO         1472    x$fpl$d2f           fz_ws.l(d2f.o)
    0x08001d1a   0x08001d1a   0x00000002   PAD
    0x08001d1c   0x08001d1c   0x00000150   Code   RO         1474    x$fpl$dadd          fz_ws.l(daddsub_clz.o)
    0x08001e6c   0x08001e6c   0x000002b0   Code   RO         1481    x$fpl$ddiv          fz_ws.l(ddiv.o)
    0x0800211c   0x0800211c   0x00000026   Code   RO         1484    x$fpl$dfltu         fz_ws.l(dflt_clz.o)
    0x08002142   0x08002142   0x0000009c   Code   RO         1508    x$fpl$dnaninf       fz_ws.l(dnaninf.o)
    0x080021de   0x080021de   0x0000000c   Code   RO         1510    x$fpl$dretinf       fz_ws.l(dretinf.o)
    0x080021ea   0x080021ea   0x00000002   PAD
    0x080021ec   0x080021ec   0x000001d4   Code   RO         1476    x$fpl$dsub          fz_ws.l(daddsub_clz.o)
    0x080023c0   0x080023c0   0x00000056   Code   RO         1490    x$fpl$f2d           fz_ws.l(f2d.o)
    0x08002416   0x08002416   0x00000002   PAD
    0x08002418   0x08002418   0x00000026   Code   RO         1492    x$fpl$ffltu         fz_ws.l(fflt_clz.o)
    0x0800243e   0x0800243e   0x0000008c   Code   RO         1512    x$fpl$fnaninf       fz_ws.l(fnaninf.o)
    0x080024ca   0x080024ca   0x0000000a   Code   RO         1514    x$fpl$fretinf       fz_ws.l(fretinf.o)
    0x080024d4   0x080024d4   0x00000004   Code   RO         1498    x$fpl$printf1       fz_ws.l(printf1.o)
    0x080024d8   0x080024d8   0x00000000   Code   RO         1516    x$fpl$usenofp       fz_ws.l(usenofp.o)
    0x080024d8   0x080024d8   0x00000094   Data   RO         1544    .constdata          c_w.l(bigflt0.o)
    0x0800256c   0x0800256c   0x00000020   Data   RO         1714    Region$$Table       anon$$obj.o
    0x0800258c   0x0800258c   0x0000001c   Data   RO         1568    locale$$data        c_w.l(lc_numeric_c.o)


    Execution Region RW_IRAM1 (Exec base: 0x20000000, Load base: 0x080025a8, Size: 0x000006b8, Max: 0x00005000, ABSOLUTE)

    Exec Addr    Load Addr    Size         Type   Attr      Idx    E Section Name        Object

    0x20000000   0x080025a8   0x00000002   Data   RW           97    .data               dht11.o
    0x20000002   0x080025aa   0x00000002   PAD
    0x20000004   0x080025ac   0x00000018   Data   RW          178    .data               main.o
    0x2000001c   0x080025c4   0x00000014   Data   RW          456    .data               stm32f10x_rcc.o
    0x20000030   0x080025d8   0x00000014   Data   RW         1399    .data               system_stm32f10x.o
    0x20000044        -       0x00000010   Zero   RW          177    .bss                main.o
    0x20000054        -       0x00000060   Zero   RW         1576    .bss                c_w.l(libspace.o)
    0x200000b4   0x080025ec   0x00000004   PAD
    0x200000b8        -       0x00000200   Zero   RW         1386    HEAP                startup_stm32f10x_md.o
    0x200002b8        -       0x00000400   Zero   RW         1385    STACK               startup_stm32f10x_md.o


==============================================================================

Image component sizes


      Code (inc. data)   RO Data    RW Data    ZI Data      Debug   Object Name

       120         10          0          0          0     253029   delay_tim.o
       728         24          0          2          0       5034   dht11.o
       100          8          0          0          0        474   gpio.o
       204         64          0         24         16       1383   main.o
        64         26        236          0       1536        812   startup_stm32f10x_md.o
       306          0          0          0          0       3640   stm32f10x_gpio.o
       276         32          0         20          0       4914   stm32f10x_rcc.o
       198         42          0          0          0       3351   stm32f10x_tim.o
       274          6          0          0          0       4556   stm32f10x_usart.o
       328         28          0         20          0       2381   system_stm32f10x.o
       118         10          0          0          0       1409   uart.o

    ----------------------------------------------------------------------
      2724        250        268         68       1552     280983   Object Totals
         0          0         32          0          0          0   (incl. Generated)
         8          0          0          2          0          0   (incl. Padding)

    ----------------------------------------------------------------------

      Code (inc. data)   RO Data    RW Data    ZI Data      Debug   Library Member Name

         8          0          0          0          0         68   __main.o
       284          0          0          0          0        156   __printf_wp.o
         0          0          0          0          0          0   __rtentry.o
        12          0          0          0          0          0   __rtentry2.o
         6          0          0          0          0          0   __rtentry4.o
        52          8          0          0          0          0   __scatter.o
        26          0          0          0          0          0   __scatter_copy.o
        28          0          0          0          0          0   __scatter_zi.o
        48          6          0          0          0         96   _printf_char_common.o
         6          0          0          0          0          0   _printf_f.o
      1054          0          0          0          0        216   _printf_fp_dec.o
       128         16          0          0          0         84   _printf_fp_infnan.o
         0          0          0          0          0          0   _printf_percent.o
         4          0          0          0          0          0   _printf_percent_end.o
        10          0          0          0          0         68   _sputc.o
       228          4        148          0          0         96   bigflt0.o
      1936        128          0          0          0        672   btod.o
        18          0          0          0          0         80   exit.o
         6          0          0          0          0        152   heapauxi.o
         0          0          0          0          0          0   indicate_semi.o
        44         10         28          0          0         76   lc_numeric_c.o
         2          0          0          0          0          0   libinit.o
        18          0          0          0          0          0   libinit2.o
         2          0          0          0          0          0   libshutdown.o
         2          0          0          0          0          0   libshutdown2.o
         8          4          0          0         96         68   libspace.o
       138          0          0          0          0         80   lludiv10.o
        40          6          0          0          0         84   noretval__2sprintf.o
         8          4          0          0          0         68   rt_locale_intlibspace.o
         2          0          0          0          0          0   rtexit.o
        10          0          0          0          0          0   rtexit2.o
       128          0          0          0          0         68   strcmpv7m.o
        12          4          0          0          0         68   sys_exit.o
        74          0          0          0          0         80   sys_stackheap_outer.o
         2          0          0          0          0         68   use_no_semi.o
        98          4          0          0          0         92   d2f.o
       804         16          0          0          0        272   daddsub_clz.o
       688        140          0          0          0        208   ddiv.o
        38          0          0          0          0         68   dflt_clz.o
       156          4          0          0          0         92   dnaninf.o
        12          0          0          0          0         68   dretinf.o
        86          4          0          0          0         84   f2d.o
        38          0          0          0          0         68   fflt_clz.o
       140          4          0          0          0         84   fnaninf.o
        10          0          0          0          0         68   fretinf.o
         4          0          0          0          0         68   printf1.o
         0          0          0          0          0          0   usenofp.o
        40          0          0          0          0         68   fpclassify.o

    ----------------------------------------------------------------------
      6472        362        176          0        100       3588   Library Totals
        14          0          0          0          4          0   (incl. Padding)

    ----------------------------------------------------------------------

      Code (inc. data)   RO Data    RW Data    ZI Data      Debug   Library Name

      4344        190        176          0         96       2348   c_w.l
      2074        172          0          0          0       1172   fz_ws.l
        40          0          0          0          0         68   m_ws.l

    ----------------------------------------------------------------------
      6472        362        176          0        100       3588   Library Totals

    ----------------------------------------------------------------------

==============================================================================


      Code (inc. data)   RO Data    RW Data    ZI Data      Debug   

      9196        612        444         68       1652     281187   Grand Totals
      9196        612        444         68       1652     281187   ELF Image Totals
      9196        612        444         68          0          0   ROM Totals

==============================================================================

    Total RO  Size (Code + RO Data)                 9640 (   9.41kB)
    Total RW  Size (RW Data + ZI Data)              1720 (   1.68kB)
    Total ROM Size (Code + RO Data + RW Data)       9708 (   9.48kB)

==============================================================================

