<html>
<body>
<pre>
<h1>µVision Build Log</h1>
<h2>Tool Versions:</h2>
IDE-Version: µVision V5.29.0.0
Copyright (C) 2019 ARM Ltd and ARM Germany GmbH. All rights reserved.
License Information: admin admin, admin, LIC=QF82M-XDG91-HLACL-0PTHX-SB4KA-MNEDN
 
Tool Versions:
Toolchain:       MDK-ARM Plus  Version: 5.29.0.0
Toolchain Path:  C:\Keil_v5\ARM\ARMCC\Bin
C Compiler:      Armcc.exe V5.06 update 6 (build 750)
Assembler:       Armasm.exe V5.06 update 6 (build 750)
Linker/Locator:  ArmLink.exe V5.06 update 6 (build 750)
Library Manager: ArmAr.exe V5.06 update 6 (build 750)
Hex Converter:   FromElf.exe V5.06 update 6 (build 750)
CPU DLL:         SARMCM3.DLL V5.29.0.0
Dialog DLL:      DCM.DLL V1.17.3.0
Target DLL:      STLink\ST-LINKIII-KEIL_SWO.dll V3.0.7.0
Dialog DLL:      TCM.DLL V1.36.5.0
 
<h2>Project:</h2>
C:\Users\dell\Downloads\dht11\bai thuc hanh 2\bth2.uvprojx
Project File Date:  03/13/2025

<h2>Output:</h2>
*** Using Compiler 'V5.06 update 6 (build 750)', folder: 'C:\Keil_v5\ARM\ARMCC\Bin'
Rebuild target 'Target 1'
assembling startup_stm32f10x_md.s...
compiling uart.c...
compiling misc.c...
compiling stm32f10x_usart.c...
compiling GPIO.c...
src\GPIO.c(24): warning:  #1-D: last line of file ends without a newline
  }
src\GPIO.c: 1 warning, 0 errors
compiling stm32f10x_rcc.c...
compiling stm32f10x_gpio.c...
compiling Delay_Tim.c...
.\incl\Delay_Tim.h(10): warning:  #1-D: last line of file ends without a newline
  #endif
src\Delay_Tim.c(28): warning:  #1-D: last line of file ends without a newline
  }
src\Delay_Tim.c: 2 warnings, 0 errors
compiling main.c...
.\incl\Delay_Tim.h(10): warning:  #1-D: last line of file ends without a newline
  #endif
.\incl\GPIO.h(8): warning:  #1-D: last line of file ends without a newline
  #endif
.\incl\DHT11.h(20): warning:  #1-D: last line of file ends without a newline
  #endif
src\main.c: 3 warnings, 0 errors
compiling DHT11.c...
.\incl\Delay_Tim.h(10): warning:  #1-D: last line of file ends without a newline
  #endif
.\incl\DHT11.h(20): warning:  #1-D: last line of file ends without a newline
  #endif
src\DHT11.c(29): warning:  #188-D: enumerated type mixed with another type
  	GPIO_WriteBit(DHT11->PORT, DHT11->Pin, 0);
src\DHT11.c(31): warning:  #188-D: enumerated type mixed with another type
  	GPIO_WriteBit(DHT11->PORT, DHT11->Pin, 1);
src\DHT11.c(138): warning:  #188-D: enumerated type mixed with another type
  	GPIO_WriteBit(DHT11->PORT, DHT11->Pin, 1);
src\DHT11.c(125): warning:  #177-D: variable "nhietdo16bit"  was declared but never referenced
  	uint16_t nhietdo16bit;
src\DHT11.c(126): warning:  #550-D: variable "doam16bit"  was set but never used
  	uint16_t doam16bit;
src\DHT11.c(127): warning:  #177-D: variable "Temp"  was declared but never referenced
  	float Temp, Humi;
src\DHT11.c(127): warning:  #177-D: variable "Humi"  was declared but never referenced
  	float Temp, Humi;
src\DHT11.c(149): warning:  #1-D: last line of file ends without a newline
  }
src\DHT11.c: 10 warnings, 0 errors
compiling system_stm32f10x.c...
compiling stm32f10x_tim.c...
linking...
Program Size: Code=9196 RO-data=444 RW-data=68 ZI-data=1652  
".\bth2.axf" - 0 Error(s), 16 Warning(s).

<h2>Software Packages used:</h2>

Package Vendor: ARM
                http://www.keil.com/pack/ARM.CMSIS.5.9.0.pack
                ARM.CMSIS.5.9.0
                CMSIS (Common Microcontroller Software Interface Standard)
   * Component: CORE Version: 5.6.0

Package Vendor: Keil
                https://www.keil.com/pack/Keil.STM32F1xx_DFP.2.4.1.pack
                Keil.STM32F1xx_DFP.2.4.1
                STMicroelectronics STM32F1 Series Device Support, Drivers and Examples
   * Component: Startup Version: 1.0.0
   * Component: Framework Version: 3.6.0
   * Component: GPIO Version: 3.6.0
   * Component: RCC Version: 3.6.0
   * Component: TIM Version: 3.6.0
   * Component: USART Version: 3.6.0

<h2>Collection of Component include folders:</h2>
  .\RTE\Device\STM32F103C8
  .\RTE\_Target_1
  C:\Users\dell\AppData\Local\Arm\Packs\ARM\CMSIS\5.9.0\CMSIS\Core\Include
  C:\Users\dell\AppData\Local\Arm\Packs\Keil\STM32F1xx_DFP\2.4.1\Device\Include
  C:\Users\dell\AppData\Local\Arm\Packs\Keil\STM32F1xx_DFP\2.4.1\Device\StdPeriph_Driver\inc

<h2>Collection of Component Files used:</h2>

   * Component: ARM::CMSIS:CORE:5.6.0

   * Component: Keil::Device:Startup:1.0.0
      Source file:   Device\Source\ARM\startup_stm32f10x_md.s
      Include file:  RTE_Driver\Config\RTE_Device.h
      Source file:   Device\Source\ARM\STM32F1xx_OPT.s
      Source file:   Device\Source\system_stm32f10x.c

   * Component: Keil::Device:StdPeriph Drivers:Framework:3.6.0
      Include file:  Device\StdPeriph_Driver\templates\stm32f10x_it.h
      Source file:   Device\StdPeriph_Driver\templates\stm32f10x_conf.h
      Source file:   Device\StdPeriph_Driver\templates\stm32f10x_it.c
      Source file:   Device\StdPeriph_Driver\src\misc.c
      Include file:  Device\StdPeriph_Driver\inc\misc.h

   * Component: Keil::Device:StdPeriph Drivers:GPIO:3.6.0
      Source file:   Device\StdPeriph_Driver\src\stm32f10x_gpio.c
      Include file:  Device\StdPeriph_Driver\inc\stm32f10x_gpio.h

   * Component: Keil::Device:StdPeriph Drivers:RCC:3.6.0
      Source file:   Device\StdPeriph_Driver\src\stm32f10x_rcc.c
      Include file:  Device\StdPeriph_Driver\inc\stm32f10x_rcc.h

   * Component: Keil::Device:StdPeriph Drivers:TIM:3.6.0
      Include file:  Device\StdPeriph_Driver\inc\stm32f10x_tim.h
      Source file:   Device\StdPeriph_Driver\src\stm32f10x_tim.c

   * Component: Keil::Device:StdPeriph Drivers:USART:3.6.0
      Source file:   Device\StdPeriph_Driver\src\stm32f10x_usart.c
      Include file:  Device\StdPeriph_Driver\inc\stm32f10x_usart.h
Build Time Elapsed:  00:00:01
</pre>
</body>
</html>
